[INFO] Scanning for projects...
[WARNING] 
[WARNING] Some problems were encountered while building the effective model for org.eqasim:switzerland:jar:2.0.0
[WARNING] The expression ${parent.groupId} is deprecated. Please use ${project.parent.groupId} instead.
[WARNING] 
[WARNING] It is highly recommended to fix these problems because they threaten the stability of your build.
[WARNING] 
[WARNING] For this reason, future Maven versions might no longer support building such malformed projects.
[WARNING] 
[INFO] 
[INFO] -----------------------< org.eqasim:switzerland >-----------------------
[INFO] Building switzerland 2.0.0
[INFO] --------------------------------[ jar ]---------------------------------
[INFO] 
[INFO] --- exec-maven-plugin:3.6.2:java (default-cli) @ switzerland ---
2025-10-29T13:34:17,584  INFO CommandLine:511 Received 0 positional command line arguments:
2025-10-29T13:34:17,589  INFO CommandLine:512    
2025-10-29T13:34:17,590  INFO CommandLine:534 Received 1 command line options with 0 prefixes:
2025-10-29T13:34:17,590  INFO CommandLine:539    config-path = /cluster/scratch/bschlaich/eqasim-java/Zurich_10pct/zurich_10pct_config.xml
2025-10-29T13:34:17,766  INFO IOUtils:212 Resolved /cluster/scratch/bschlaich/eqasim-java/Zurich_10pct/zurich_10pct_config.xml to /cluster/scratch/bschlaich/eqasim-java/Zurich_10pct/zurich_10pct_config.xml
2025-10-29T13:34:17,772  INFO Config:461 setting context to [file:/cluster/scratch/bschlaich/eqasim-java/switzerland/]
2025-10-29T13:34:17,831  INFO Version:18 HV000001: Hibernate Validator 9.0.1.Final
2025-10-29T13:34:17,981  INFO MatsimXmlParser:172 starting to parse xml from url file:/cluster/scratch/bschlaich/eqasim-java/Zurich_10pct/zurich_10pct_config.xml ...
2025-10-29T13:34:18,025  INFO ConfigReader:105 using config_v2-reader
2025-10-29T13:34:18,025  INFO MatsimXmlParser:299 Trying to load http://www.matsim.org/files/dtd/config_v2.dtd. In some cases (e.g. network interface up but no connection), this may take a while.
2025-10-29T13:34:18,060  INFO MatsimXmlParser:314 java.net.ConnectException: Connection refused. May not be fatal, will try to load it locally.
2025-10-29T13:34:18,061  INFO MatsimXmlParser:336 Using local DTD from classpath:dtd/config_v2.dtd
2025-10-29T13:34:18,102  INFO GlobalConfigGroup:99 setting number of threads to: 24
2025-10-29T13:34:18,116  WARN RoutingConfigGroup:434 The first mode routing (= teleported mode) params that are explicitly defined clear the default mode routing (= teleported mode) params.  If you want to avoid this 
2025-10-29T13:34:18,117  WARN RoutingConfigGroup:435     warning, use clearTeleportedModeParams(true) in code, and "clearDefaultTeleportedModeParams"=true in xml config.
2025-10-29T13:34:18,118  WARN ScoringConfigGroup$ReflectiveDelegate:1685 Setting pathSizeLogitBeta different from zero is experimental.  KN, Sep'08
2025-10-29T13:34:18,128  INFO ScoringConfigGroup:555 scoring parameters for subpopulation null were just replaced.
2025-10-29T13:34:18,133  INFO Config:461 setting context to [file:/cluster/scratch/bschlaich/eqasim-java/Zurich_10pct/zurich_10pct_config.xml]
2025-10-29T13:34:18,149  INFO GlobalConfigGroup:99 setting number of threads to: 8
Found the following transfer penalties: [[name=modeToModeTransferPenalty][nOfParams=3][fromMode=rail][toMode=rail][transferPenalty=0.101], [name=modeToModeTransferPenalty][nOfParams=3][fromMode=rail][toMode=subway][transferPenalty=0.218], [name=modeToModeTransferPenalty][nOfParams=3][fromMode=rail][toMode=ferry][transferPenalty=0.218], [name=modeToModeTransferPenalty][nOfParams=3][fromMode=rail][toMode=tram][transferPenalty=0.218], [name=modeToModeTransferPenalty][nOfParams=3][fromMode=rail][toMode=funicular][transferPenalty=0.218], [name=modeToModeTransferPenalty][nOfParams=3][fromMode=rail][toMode=cable-car][transferPenalty=0.218], [name=modeToModeTransferPenalty][nOfParams=3][fromMode=rail][toMode=gondola][transferPenalty=0.218], [name=modeToModeTransferPenalty][nOfParams=3][fromMode=rail][toMode=other][transferPenalty=0.218], [name=modeToModeTransferPenalty][nOfParams=3][fromMode=subway][toMode=rail][transferPenalty=0.218], [name=modeToModeTransferPenalty][nOfParams=3][fromMode=subway][toMode=subway][transferPenalty=0.177], [name=modeToModeTransferPenalty][nOfParams=3][fromMode=subway][toMode=ferry][transferPenalty=0.177], [name=modeToModeTransferPenalty][nOfParams=3][fromMode=subway][toMode=tram][transferPenalty=0.177], [name=modeToModeTransferPenalty][nOfParams=3][fromMode=subway][toMode=funicular][transferPenalty=0.177], [name=modeToModeTransferPenalty][nOfParams=3][fromMode=subway][toMode=cable-car][transferPenalty=0.177], [name=modeToModeTransferPenalty][nOfParams=3][fromMode=subway][toMode=gondola][transferPenalty=0.177], [name=modeToModeTransferPenalty][nOfParams=3][fromMode=subway][toMode=other][transferPenalty=0.177], [name=modeToModeTransferPenalty][nOfParams=3][fromMode=ferry][toMode=rail][transferPenalty=0.218], [name=modeToModeTransferPenalty][nOfParams=3][fromMode=ferry][toMode=subway][transferPenalty=0.177], [name=modeToModeTransferPenalty][nOfParams=3][fromMode=ferry][toMode=ferry][transferPenalty=0.177], [name=modeToModeTransferPenalty][nOfParams=3][fromMode=ferry][toMode=tram][transferPenalty=0.177], [name=modeToModeTransferPenalty][nOfParams=3][fromMode=ferry][toMode=funicular][transferPenalty=0.177], [name=modeToModeTransferPenalty][nOfParams=3][fromMode=ferry][toMode=cable-car][transferPenalty=0.177], [name=modeToModeTransferPenalty][nOfParams=3][fromMode=ferry][toMode=gondola][transferPenalty=0.177], [name=modeToModeTransferPenalty][nOfParams=3][fromMode=ferry][toMode=other][transferPenalty=0.177], [name=modeToModeTransferPenalty][nOfParams=3][fromMode=tram][toMode=rail][transferPenalty=0.218], [name=modeToModeTransferPenalty][nOfParams=3][fromMode=tram][toMode=subway][transferPenalty=0.177], [name=modeToModeTransferPenalty][nOfParams=3][fromMode=tram][toMode=ferry][transferPenalty=0.177], [name=modeToModeTransferPenalty][nOfParams=3][fromMode=tram][toMode=tram][transferPenalty=0.177], [name=modeToModeTransferPenalty][nOfParams=3][fromMode=tram][toMode=funicular][transferPenalty=0.177], [name=modeToModeTransferPenalty][nOfParams=3][fromMode=tram][toMode=cable-car][transferPenalty=0.177], [name=modeToModeTransferPenalty][nOfParams=3][fromMode=tram][toMode=gondola][transferPenalty=0.177], [name=modeToModeTransferPenalty][nOfParams=3][fromMode=tram][toMode=other][transferPenalty=0.177], [name=modeToModeTransferPenalty][nOfParams=3][fromMode=funicular][toMode=rail][transferPenalty=0.218], [name=modeToModeTransferPenalty][nOfParams=3][fromMode=funicular][toMode=subway][transferPenalty=0.177], [name=modeToModeTransferPenalty][nOfParams=3][fromMode=funicular][toMode=ferry][transferPenalty=0.177], [name=modeToModeTransferPenalty][nOfParams=3][fromMode=funicular][toMode=tram][transferPenalty=0.177], [name=modeToModeTransferPenalty][nOfParams=3][fromMode=funicular][toMode=funicular][transferPenalty=0.177], [name=modeToModeTransferPenalty][nOfParams=3][fromMode=funicular][toMode=cable-car][transferPenalty=0.177], [name=modeToModeTransferPenalty][nOfParams=3][fromMode=funicular][toMode=gondola][transferPenalty=0.177], [name=modeToModeTransferPenalty][nOfParams=3][fromMode=funicular][toMode=other][transferPenalty=0.177], [name=modeToModeTransferPenalty][nOfParams=3][fromMode=cable-car][toMode=rail][transferPenalty=0.218], [name=modeToModeTransferPenalty][nOfParams=3][fromMode=cable-car][toMode=subway][transferPenalty=0.177], [name=modeToModeTransferPenalty][nOfParams=3][fromMode=cable-car][toMode=ferry][transferPenalty=0.177], [name=modeToModeTransferPenalty][nOfParams=3][fromMode=cable-car][toMode=tram][transferPenalty=0.177], [name=modeToModeTransferPenalty][nOfParams=3][fromMode=cable-car][toMode=funicular][transferPenalty=0.177], [name=modeToModeTransferPenalty][nOfParams=3][fromMode=cable-car][toMode=cable-car][transferPenalty=0.177], [name=modeToModeTransferPenalty][nOfParams=3][fromMode=cable-car][toMode=gondola][transferPenalty=0.177], [name=modeToModeTransferPenalty][nOfParams=3][fromMode=cable-car][toMode=other][transferPenalty=0.177], [name=modeToModeTransferPenalty][nOfParams=3][fromMode=gondola][toMode=rail][transferPenalty=0.218], [name=modeToModeTransferPenalty][nOfParams=3][fromMode=gondola][toMode=subway][transferPenalty=0.177], [name=modeToModeTransferPenalty][nOfParams=3][fromMode=gondola][toMode=ferry][transferPenalty=0.177], [name=modeToModeTransferPenalty][nOfParams=3][fromMode=gondola][toMode=tram][transferPenalty=0.177], [name=modeToModeTransferPenalty][nOfParams=3][fromMode=gondola][toMode=funicular][transferPenalty=0.177], [name=modeToModeTransferPenalty][nOfParams=3][fromMode=gondola][toMode=cable-car][transferPenalty=0.177], [name=modeToModeTransferPenalty][nOfParams=3][fromMode=gondola][toMode=gondola][transferPenalty=0.177], [name=modeToModeTransferPenalty][nOfParams=3][fromMode=gondola][toMode=other][transferPenalty=0.177], [name=modeToModeTransferPenalty][nOfParams=3][fromMode=other][toMode=rail][transferPenalty=0.218], [name=modeToModeTransferPenalty][nOfParams=3][fromMode=other][toMode=subway][transferPenalty=0.177], [name=modeToModeTransferPenalty][nOfParams=3][fromMode=other][toMode=ferry][transferPenalty=0.177], [name=modeToModeTransferPenalty][nOfParams=3][fromMode=other][toMode=tram][transferPenalty=0.177], [name=modeToModeTransferPenalty][nOfParams=3][fromMode=other][toMode=funicular][transferPenalty=0.177], [name=modeToModeTransferPenalty][nOfParams=3][fromMode=other][toMode=cable-car][transferPenalty=0.177], [name=modeToModeTransferPenalty][nOfParams=3][fromMode=other][toMode=gondola][transferPenalty=0.177], [name=modeToModeTransferPenalty][nOfParams=3][fromMode=other][toMode=other][transferPenalty=0.177], [name=modeToModeTransferPenalty][nOfParams=3][fromMode=rail][toMode=rail][transferPenalty=0.101], [name=modeToModeTransferPenalty][nOfParams=3][fromMode=rail][toMode=subway][transferPenalty=0.218], [name=modeToModeTransferPenalty][nOfParams=3][fromMode=rail][toMode=ferry][transferPenalty=0.218], [name=modeToModeTransferPenalty][nOfParams=3][fromMode=rail][toMode=tram][transferPenalty=0.218], [name=modeToModeTransferPenalty][nOfParams=3][fromMode=rail][toMode=funicular][transferPenalty=0.218], [name=modeToModeTransferPenalty][nOfParams=3][fromMode=rail][toMode=cable-car][transferPenalty=0.218], [name=modeToModeTransferPenalty][nOfParams=3][fromMode=rail][toMode=gondola][transferPenalty=0.218], [name=modeToModeTransferPenalty][nOfParams=3][fromMode=rail][toMode=other][transferPenalty=0.218], [name=modeToModeTransferPenalty][nOfParams=3][fromMode=subway][toMode=rail][transferPenalty=0.218], [name=modeToModeTransferPenalty][nOfParams=3][fromMode=subway][toMode=subway][transferPenalty=0.177], [name=modeToModeTransferPenalty][nOfParams=3][fromMode=subway][toMode=ferry][transferPenalty=0.177], [name=modeToModeTransferPenalty][nOfParams=3][fromMode=subway][toMode=tram][transferPenalty=0.177], [name=modeToModeTransferPenalty][nOfParams=3][fromMode=subway][toMode=funicular][transferPenalty=0.177], [name=modeToModeTransferPenalty][nOfParams=3][fromMode=subway][toMode=cable-car][transferPenalty=0.177], [name=modeToModeTransferPenalty][nOfParams=3][fromMode=subway][toMode=gondola][transferPenalty=0.177], [name=modeToModeTransferPenalty][nOfParams=3][fromMode=subway][toMode=other][transferPenalty=0.177], [name=modeToModeTransferPenalty][nOfParams=3][fromMode=ferry][toMode=rail][transferPenalty=0.218], [name=modeToModeTransferPenalty][nOfParams=3][fromMode=ferry][toMode=subway][transferPenalty=0.177], [name=modeToModeTransferPenalty][nOfParams=3][fromMode=ferry][toMode=ferry][transferPenalty=0.177], [name=modeToModeTransferPenalty][nOfParams=3][fromMode=ferry][toMode=tram][transferPenalty=0.177], [name=modeToModeTransferPenalty][nOfParams=3][fromMode=ferry][toMode=funicular][transferPenalty=0.177], [name=modeToModeTransferPenalty][nOfParams=3][fromMode=ferry][toMode=cable-car][transferPenalty=0.177], [name=modeToModeTransferPenalty][nOfParams=3][fromMode=ferry][toMode=gondola][transferPenalty=0.177], [name=modeToModeTransferPenalty][nOfParams=3][fromMode=ferry][toMode=other][transferPenalty=0.177], [name=modeToModeTransferPenalty][nOfParams=3][fromMode=tram][toMode=rail][transferPenalty=0.218], [name=modeToModeTransferPenalty][nOfParams=3][fromMode=tram][toMode=subway][transferPenalty=0.177], [name=modeToModeTransferPenalty][nOfParams=3][fromMode=tram][toMode=ferry][transferPenalty=0.177], [name=modeToModeTransferPenalty][nOfParams=3][fromMode=tram][toMode=tram][transferPenalty=0.177], [name=modeToModeTransferPenalty][nOfParams=3][fromMode=tram][toMode=funicular][transferPenalty=0.177], [name=modeToModeTransferPenalty][nOfParams=3][fromMode=tram][toMode=cable-car][transferPenalty=0.177], [name=modeToModeTransferPenalty][nOfParams=3][fromMode=tram][toMode=gondola][transferPenalty=0.177], [name=modeToModeTransferPenalty][nOfParams=3][fromMode=tram][toMode=other][transferPenalty=0.177], [name=modeToModeTransferPenalty][nOfParams=3][fromMode=funicular][toMode=rail][transferPenalty=0.218], [name=modeToModeTransferPenalty][nOfParams=3][fromMode=funicular][toMode=subway][transferPenalty=0.177], [name=modeToModeTransferPenalty][nOfParams=3][fromMode=funicular][toMode=ferry][transferPenalty=0.177], [name=modeToModeTransferPenalty][nOfParams=3][fromMode=funicular][toMode=tram][transferPenalty=0.177], [name=modeToModeTransferPenalty][nOfParams=3][fromMode=funicular][toMode=funicular][transferPenalty=0.177], [name=modeToModeTransferPenalty][nOfParams=3][fromMode=funicular][toMode=cable-car][transferPenalty=0.177], [name=modeToModeTransferPenalty][nOfParams=3][fromMode=funicular][toMode=gondola][transferPenalty=0.177], [name=modeToModeTransferPenalty][nOfParams=3][fromMode=funicular][toMode=other][transferPenalty=0.177], [name=modeToModeTransferPenalty][nOfParams=3][fromMode=cable-car][toMode=rail][transferPenalty=0.218], [name=modeToModeTransferPenalty][nOfParams=3][fromMode=cable-car][toMode=subway][transferPenalty=0.177], [name=modeToModeTransferPenalty][nOfParams=3][fromMode=cable-car][toMode=ferry][transferPenalty=0.177], [name=modeToModeTransferPenalty][nOfParams=3][fromMode=cable-car][toMode=tram][transferPenalty=0.177], [name=modeToModeTransferPenalty][nOfParams=3][fromMode=cable-car][toMode=funicular][transferPenalty=0.177], [name=modeToModeTransferPenalty][nOfParams=3][fromMode=cable-car][toMode=cable-car][transferPenalty=0.177], [name=modeToModeTransferPenalty][nOfParams=3][fromMode=cable-car][toMode=gondola][transferPenalty=0.177], [name=modeToModeTransferPenalty][nOfParams=3][fromMode=cable-car][toMode=other][transferPenalty=0.177], [name=modeToModeTransferPenalty][nOfParams=3][fromMode=gondola][toMode=rail][transferPenalty=0.218], [name=modeToModeTransferPenalty][nOfParams=3][fromMode=gondola][toMode=subway][transferPenalty=0.177], [name=modeToModeTransferPenalty][nOfParams=3][fromMode=gondola][toMode=ferry][transferPenalty=0.177], [name=modeToModeTransferPenalty][nOfParams=3][fromMode=gondola][toMode=tram][transferPenalty=0.177], [name=modeToModeTransferPenalty][nOfParams=3][fromMode=gondola][toMode=funicular][transferPenalty=0.177], [name=modeToModeTransferPenalty][nOfParams=3][fromMode=gondola][toMode=cable-car][transferPenalty=0.177], [name=modeToModeTransferPenalty][nOfParams=3][fromMode=gondola][toMode=gondola][transferPenalty=0.177], [name=modeToModeTransferPenalty][nOfParams=3][fromMode=gondola][toMode=other][transferPenalty=0.177], [name=modeToModeTransferPenalty][nOfParams=3][fromMode=other][toMode=rail][transferPenalty=0.218], [name=modeToModeTransferPenalty][nOfParams=3][fromMode=other][toMode=subway][transferPenalty=0.177], [name=modeToModeTransferPenalty][nOfParams=3][fromMode=other][toMode=ferry][transferPenalty=0.177], [name=modeToModeTransferPenalty][nOfParams=3][fromMode=other][toMode=tram][transferPenalty=0.177], [name=modeToModeTransferPenalty][nOfParams=3][fromMode=other][toMode=funicular][transferPenalty=0.177], [name=modeToModeTransferPenalty][nOfParams=3][fromMode=other][toMode=cable-car][transferPenalty=0.177], [name=modeToModeTransferPenalty][nOfParams=3][fromMode=other][toMode=gondola][transferPenalty=0.177], [name=modeToModeTransferPenalty][nOfParams=3][fromMode=other][toMode=other][transferPenalty=0.177]]
2025-10-29T13:34:18,198  INFO ScenarioLoaderImpl:135 loading network from file:/cluster/scratch/bschlaich/eqasim-java/Zurich_10pct/zurich_10pct_network.xml.gz
2025-10-29T13:34:18,200  INFO MatsimXmlParser:172 starting to parse xml from url file:/cluster/scratch/bschlaich/eqasim-java/Zurich_10pct/zurich_10pct_network.xml.gz ...
2025-10-29T13:34:18,286  INFO MatsimNetworkReader:122 using network_v2-reader.
2025-10-29T13:34:18,286  INFO MatsimXmlParser:299 Trying to load http://www.matsim.org/files/dtd/network_v2.dtd. In some cases (e.g. network interface up but no connection), this may take a while.
2025-10-29T13:34:18,289  INFO MatsimXmlParser:314 java.net.ConnectException: Connection refused. May not be fatal, will try to load it locally.
2025-10-29T13:34:18,290  INFO MatsimXmlParser:336 Using local DTD from classpath:dtd/network_v2.dtd
2025-10-29T13:34:18,296  INFO NetworkImpl:165  node # 1
2025-10-29T13:34:18,296  INFO NetworkImpl:165  node # 4
2025-10-29T13:34:18,297  INFO NetworkImpl:165  node # 16
2025-10-29T13:34:18,299  INFO NetworkImpl:165  node # 64
2025-10-29T13:34:18,307  INFO NetworkImpl:165  node # 256
2025-10-29T13:34:18,328  INFO NetworkImpl:165  node # 1024
2025-10-29T13:34:18,347  INFO NetworkImpl:165  node # 4096
2025-10-29T13:34:18,426  INFO NetworkImpl:165  node # 16384
2025-10-29T13:34:18,546  INFO NetworkImpl:161  link # 1
2025-10-29T13:34:18,548  INFO NetworkImpl:161  link # 4
2025-10-29T13:34:18,568  WARN DisallowedNextLinks:67 Considering DisallowedNextLinks in routing is only implemented by SpeedyDijkstra and SpeedyALT!
2025-10-29T13:34:18,570  INFO NetworkImpl:161  link # 16
2025-10-29T13:34:18,574  INFO NetworkImpl:161  link # 64
2025-10-29T13:34:18,583  WARN LinkImpl:121 permlanes=0.0 of link id 1002007_spec may cause problems
2025-10-29T13:34:18,583  WARN LinkImpl:123  Future occurences of this logging statement are suppressed.
2025-10-29T13:34:18,587  INFO NetworkImpl:161  link # 256
2025-10-29T13:34:18,617  INFO NetworkImpl:161  link # 1024
2025-10-29T13:34:18,691  INFO NetworkImpl:161  link # 4096
2025-10-29T13:34:18,898  INFO NetworkImpl:161  link # 16384
2025-10-29T13:34:19,514  INFO NetworkImpl:161  link # 65536
2025-10-29T13:34:20,193  WARN LinkImpl:130 length=0.0 of link id pt_8502186:0:1/2 may cause problems
2025-10-29T13:34:20,193  WARN LinkImpl:132  Future occurences of this logging statement are suppressed.
2025-10-29T13:34:20,213  INFO ScenarioLoaderImpl:160 loading facilities from file:/cluster/scratch/bschlaich/eqasim-java/Zurich_10pct/zurich_10pct_facilities.xml.gz
2025-10-29T13:34:20,216  INFO MatsimXmlParser:172 starting to parse xml from url file:/cluster/scratch/bschlaich/eqasim-java/Zurich_10pct/zurich_10pct_facilities.xml.gz ...
2025-10-29T13:34:20,219  INFO MatsimFacilitiesReader:143 using facilities_v2-reader.
2025-10-29T13:34:20,219  INFO MatsimXmlParser:299 Trying to load http://www.matsim.org/files/dtd/facilities_v2.dtd. In some cases (e.g. network interface up but no connection), this may take a while.
2025-10-29T13:34:20,224  INFO MatsimXmlParser:314 java.net.ConnectException: Connection refused. May not be fatal, will try to load it locally.
2025-10-29T13:34:20,224  INFO MatsimXmlParser:336 Using local DTD from classpath:dtd/facilities_v2.dtd
2025-10-29T13:34:20,946  INFO ScenarioLoaderImpl:169 loaded 197644 facilities from file:/cluster/scratch/bschlaich/eqasim-java/Zurich_10pct/zurich_10pct_facilities.xml.gz
2025-10-29T13:34:20,947  INFO ScenarioLoaderImpl:188 no facility-attributes file set in config, not loading any facility attributes
2025-10-29T13:34:20,947  INFO ScenarioLoaderImpl:196 loading population from file:/cluster/scratch/bschlaich/eqasim-java/Zurich_10pct/zurich_10pct_population.xml.gz
2025-10-29T13:34:20,954  INFO MatsimXmlParser:172 starting to parse xml from url file:/cluster/scratch/bschlaich/eqasim-java/Zurich_10pct/zurich_10pct_population.xml.gz ...
2025-10-29T13:34:20,970  INFO PopulationReader:135 using population_v6-reader.
2025-10-29T13:34:20,970  INFO MatsimXmlParser:299 Trying to load http://www.matsim.org/files/dtd/population_v6.dtd. In some cases (e.g. network interface up but no connection), this may take a while.
2025-10-29T13:34:20,975  INFO MatsimXmlParser:314 java.net.ConnectException: Connection refused. May not be fatal, will try to load it locally.
2025-10-29T13:34:20,975  INFO MatsimXmlParser:336 Using local DTD from classpath:dtd/population_v6.dtd
2025-10-29T13:34:20,978  WARN PopulationReaderMatsimV6:227 coordinate transformation defined both in config and in input file: setting from input file will be used
2025-10-29T13:34:20,979  INFO ParallelPopulationReaderMatsimV6:168 Start parallel population reading...
2025-10-29T13:34:20,986  INFO PopulationImpl:111  person # 1
2025-10-29T13:34:20,992  INFO PopulationImpl:111  person # 4
2025-10-29T13:34:21,076  INFO PopulationImpl:111  person # 16
2025-10-29T13:34:21,091  INFO PopulationImpl:111  person # 64
2025-10-29T13:34:21,135  INFO PopulationImpl:111  person # 256
2025-10-29T13:34:21,248  INFO PopulationImpl:111  person # 1024
2025-10-29T13:34:21,675  INFO PopulationImpl:111  person # 4096
2025-10-29T13:34:23,249  INFO PopulationImpl:111  person # 16384
2025-10-29T13:34:29,547  INFO PopulationImpl:111  person # 65536
2025-10-29T13:34:46,040  INFO ParallelPopulationReaderMatsimV6:238 Finished parallel population reading...
2025-10-29T13:34:46,041  INFO PopulationUtils:1145  person # 199709
2025-10-29T13:34:46,042  INFO ScenarioLoaderImpl:244 no person-attributes file set in config, not loading any person attributes
2025-10-29T13:34:46,042  INFO ScenarioLoaderImpl:251 loading households from file:/cluster/scratch/bschlaich/eqasim-java/Zurich_10pct/zurich_10pct_households.xml.gz
2025-10-29T13:34:46,043  INFO MatsimXmlParser:172 starting to parse xml from url file:/cluster/scratch/bschlaich/eqasim-java/Zurich_10pct/zurich_10pct_households.xml.gz ...
2025-10-29T13:34:46,111  INFO MatsimXmlParser:299 Trying to load http://www.matsim.org/files/dtd/households_v1.0.xsd. In some cases (e.g. network interface up but no connection), this may take a while.
2025-10-29T13:34:46,114  INFO MatsimXmlParser:314 java.net.ConnectException: Connection refused. May not be fatal, will try to load it locally.
2025-10-29T13:34:46,114  INFO MatsimXmlParser:336 Using local DTD from classpath:dtd/households_v1.0.xsd
2025-10-29T13:34:46,130  INFO MatsimXmlParser:299 Trying to load http://www.matsim.org/files/dtd/matsimCommon.xsd. In some cases (e.g. network interface up but no connection), this may take a while.
2025-10-29T13:34:46,135  INFO MatsimXmlParser:314 java.net.ConnectException: Connection refused. May not be fatal, will try to load it locally.
2025-10-29T13:34:46,135  INFO MatsimXmlParser:336 Using local DTD from classpath:dtd/matsimCommon.xsd
2025-10-29T13:34:46,226  INFO Counter:70   households # 1
2025-10-29T13:34:46,227  INFO Counter:70   households # 2
2025-10-29T13:34:46,229  INFO Counter:70   households # 4
2025-10-29T13:34:46,232  INFO Counter:70   households # 8
2025-10-29T13:34:46,238  INFO Counter:70   households # 16
2025-10-29T13:34:46,249  INFO Counter:70   households # 32
2025-10-29T13:34:46,266  INFO Counter:70   households # 64
2025-10-29T13:34:46,298  INFO Counter:70   households # 128
2025-10-29T13:34:46,352  INFO Counter:70   households # 256
2025-10-29T13:34:46,386  INFO Counter:70   households # 512
2025-10-29T13:34:46,433  INFO Counter:70   households # 1024
2025-10-29T13:34:46,496  INFO Counter:70   households # 2048
2025-10-29T13:34:46,616  INFO Counter:70   households # 4096
2025-10-29T13:34:46,789  INFO Counter:70   households # 8192
2025-10-29T13:34:47,028  INFO Counter:70   households # 16384
2025-10-29T13:34:47,399  INFO Counter:70   households # 32768
2025-10-29T13:34:48,138  INFO Counter:70   households # 65536
2025-10-29T13:34:48,916  INFO Counter:75   households # 102489
2025-10-29T13:34:48,917  INFO ScenarioLoaderImpl:255 households loaded.
2025-10-29T13:34:48,919  INFO MatsimXmlParser:172 starting to parse xml from url file:/cluster/scratch/bschlaich/eqasim-java/Zurich_10pct/zurich_10pct_transit_schedule.xml.gz ...
2025-10-29T13:34:48,949  INFO MatsimXmlParser:299 Trying to load http://www.matsim.org/files/dtd/transitSchedule_v2.dtd. In some cases (e.g. network interface up but no connection), this may take a while.
2025-10-29T13:34:48,958  INFO MatsimXmlParser:314 java.net.ConnectException: Connection refused. May not be fatal, will try to load it locally.
2025-10-29T13:34:48,958  INFO MatsimXmlParser:336 Using local DTD from classpath:dtd/transitSchedule_v2.dtd
2025-10-29T13:34:49,568  INFO ScenarioLoaderImpl:329 loading transit vehicles from zurich_10pct_transit_vehicles.xml.gz
2025-10-29T13:34:49,570  INFO MatsimXmlParser:172 starting to parse xml from url file:/cluster/scratch/bschlaich/eqasim-java/Zurich_10pct/zurich_10pct_transit_vehicles.xml.gz ...
2025-10-29T13:34:49,576  INFO MatsimXmlParser:299 Trying to load http://www.matsim.org/files/dtd/vehicleDefinitions_v2.0.xsd. In some cases (e.g. network interface up but no connection), this may take a while.
2025-10-29T13:34:49,579  INFO MatsimXmlParser:314 java.net.ConnectException: Connection refused. May not be fatal, will try to load it locally.
2025-10-29T13:34:49,579  INFO MatsimXmlParser:336 Using local DTD from classpath:dtd/vehicleDefinitions_v2.0.xsd
2025-10-29T13:34:49,583  INFO MatsimXmlParser:299 Trying to load http://www.matsim.org/files/dtd/matsimCommon.xsd. In some cases (e.g. network interface up but no connection), this may take a while.
2025-10-29T13:34:49,586  INFO MatsimXmlParser:314 java.net.ConnectException: Connection refused. May not be fatal, will try to load it locally.
2025-10-29T13:34:49,586  INFO MatsimXmlParser:336 Using local DTD from classpath:dtd/matsimCommon.xsd
2025-10-29T13:34:49,589  INFO MatsimXmlParser:299 Trying to load http://www.matsim.org/files/dtd/vehicleDefinitionsEnumTypes.xsd. In some cases (e.g. network interface up but no connection), this may take a while.
2025-10-29T13:34:49,592  INFO MatsimXmlParser:314 java.net.ConnectException: Connection refused. May not be fatal, will try to load it locally.
2025-10-29T13:34:49,592  INFO MatsimXmlParser:336 Using local DTD from classpath:dtd/vehicleDefinitionsEnumTypes.xsd
2025-10-29T13:34:49,599  INFO MatsimVehicleReader$VehicleReader:77 Found following schemaLocation in vehicle definition file: http://www.matsim.org/files/dtd http://www.matsim.org/files/dtd/vehicleDefinitions_v2.0.xsd
2025-10-29T13:34:49,600  INFO VehicleReaderV2:24 Using org.matsim.vehicles.VehicleReaderV2
2025-10-29T13:34:49,609  INFO Counter:70 [VehiclesImpl] added vehicle # 1
2025-10-29T13:34:49,609  INFO Counter:70 [VehiclesImpl] added vehicle # 2
2025-10-29T13:34:49,610  INFO Counter:70 [VehiclesImpl] added vehicle # 4
2025-10-29T13:34:49,610  INFO Counter:70 [VehiclesImpl] added vehicle # 8
2025-10-29T13:34:49,610  INFO Counter:70 [VehiclesImpl] added vehicle # 16
2025-10-29T13:34:49,610  INFO Counter:70 [VehiclesImpl] added vehicle # 32
2025-10-29T13:34:49,611  INFO Counter:70 [VehiclesImpl] added vehicle # 64
2025-10-29T13:34:49,612  INFO Counter:70 [VehiclesImpl] added vehicle # 128
2025-10-29T13:34:49,615  INFO Counter:70 [VehiclesImpl] added vehicle # 256
2025-10-29T13:34:49,618  INFO Counter:70 [VehiclesImpl] added vehicle # 512
2025-10-29T13:34:49,622  INFO Counter:70 [VehiclesImpl] added vehicle # 1024
2025-10-29T13:34:49,630  INFO Counter:70 [VehiclesImpl] added vehicle # 2048
2025-10-29T13:34:49,639  INFO Counter:70 [VehiclesImpl] added vehicle # 4096
2025-10-29T13:34:49,657  INFO Counter:70 [VehiclesImpl] added vehicle # 8192
2025-10-29T13:34:49,689  INFO Counter:70 [VehiclesImpl] added vehicle # 16384
2025-10-29T13:34:49,749  INFO Counter:70 [VehiclesImpl] added vehicle # 32768
2025-10-29T13:34:49,750  INFO ScenarioLoaderImpl:339 loading vehicles from zurich_10pct_vehicles.xml.gz
2025-10-29T13:34:49,751  INFO MatsimXmlParser:172 starting to parse xml from url file:/cluster/scratch/bschlaich/eqasim-java/Zurich_10pct/zurich_10pct_vehicles.xml.gz ...
2025-10-29T13:34:49,795  INFO MatsimXmlParser:299 Trying to load http://www.matsim.org/files/dtd/vehicleDefinitions_v2.0.xsd. In some cases (e.g. network interface up but no connection), this may take a while.
2025-10-29T13:34:49,799  INFO MatsimXmlParser:314 java.net.ConnectException: Connection refused. May not be fatal, will try to load it locally.
2025-10-29T13:34:49,800  INFO MatsimXmlParser:336 Using local DTD from classpath:dtd/vehicleDefinitions_v2.0.xsd
2025-10-29T13:34:49,803  INFO MatsimXmlParser:299 Trying to load http://www.matsim.org/files/dtd/matsimCommon.xsd. In some cases (e.g. network interface up but no connection), this may take a while.
2025-10-29T13:34:49,805  INFO MatsimXmlParser:314 java.net.ConnectException: Connection refused. May not be fatal, will try to load it locally.
2025-10-29T13:34:49,806  INFO MatsimXmlParser:336 Using local DTD from classpath:dtd/matsimCommon.xsd
2025-10-29T13:34:49,807  INFO MatsimXmlParser:299 Trying to load http://www.matsim.org/files/dtd/vehicleDefinitionsEnumTypes.xsd. In some cases (e.g. network interface up but no connection), this may take a while.
2025-10-29T13:34:49,811  INFO MatsimXmlParser:314 java.net.ConnectException: Connection refused. May not be fatal, will try to load it locally.
2025-10-29T13:34:49,812  INFO MatsimXmlParser:336 Using local DTD from classpath:dtd/vehicleDefinitionsEnumTypes.xsd
2025-10-29T13:34:49,817  INFO MatsimVehicleReader$VehicleReader:77 Found following schemaLocation in vehicle definition file: http://www.matsim.org/files/dtd http://www.matsim.org/files/dtd/vehicleDefinitions_v2.0.xsd
2025-10-29T13:34:49,817  INFO VehicleReaderV2:24 Using org.matsim.vehicles.VehicleReaderV2
2025-10-29T13:34:49,819  INFO Counter:70 [VehiclesImpl] added vehicle # 1
2025-10-29T13:34:49,819  INFO Counter:70 [VehiclesImpl] added vehicle # 2
2025-10-29T13:34:49,820  INFO Counter:70 [VehiclesImpl] added vehicle # 4
2025-10-29T13:34:49,820  INFO Counter:70 [VehiclesImpl] added vehicle # 8
2025-10-29T13:34:49,820  INFO Counter:70 [VehiclesImpl] added vehicle # 16
2025-10-29T13:34:49,821  INFO Counter:70 [VehiclesImpl] added vehicle # 32
2025-10-29T13:34:49,822  INFO Counter:70 [VehiclesImpl] added vehicle # 64
2025-10-29T13:34:49,823  INFO Counter:70 [VehiclesImpl] added vehicle # 128
2025-10-29T13:34:49,825  INFO Counter:70 [VehiclesImpl] added vehicle # 256
2025-10-29T13:34:49,828  INFO Counter:70 [VehiclesImpl] added vehicle # 512
2025-10-29T13:34:49,834  INFO Counter:70 [VehiclesImpl] added vehicle # 1024
2025-10-29T13:34:50,270  INFO Counter:70 [VehiclesImpl] added vehicle # 2048
2025-10-29T13:34:50,288  INFO Counter:70 [VehiclesImpl] added vehicle # 4096
2025-10-29T13:34:50,314  INFO Counter:70 [VehiclesImpl] added vehicle # 8192
2025-10-29T13:34:50,361  INFO Counter:70 [VehiclesImpl] added vehicle # 16384
2025-10-29T13:34:50,448  INFO Counter:70 [VehiclesImpl] added vehicle # 32768
2025-10-29T13:34:50,624  INFO Counter:70 [VehiclesImpl] added vehicle # 65536
2025-10-29T13:34:50,975  INFO Counter:70 [VehiclesImpl] added vehicle # 131072
2025-10-29T13:34:51,675  INFO Counter:70 [VehiclesImpl] added vehicle # 262144
2025-10-29T13:34:52,845  INFO ScoringConfigGroup$ScoringParameterSet:1608 NO OPENING OR CLOSING TIMES DEFINED!

There is no activity type that has an opening *and* closing time (or opening time and late penalty) defined.
This usually means that the activity chains can be shifted by an arbitrary
number of hours without having an effect on the score of the plans, and thus
resulting in wrong results / traffic patterns.
If you are using MATSim without time adaptation, you can ignore this warning.


2025-10-29T13:34:52,846  INFO VspConfigConsistencyCheckerImpl:62 NOT running vsp config consistency check because vsp defaults checking level is set to IGNORE
2025-10-29T13:34:53,650  INFO EqasimTrafficModule:23 Attribute crossing penalty is enabled.
2025-10-29T13:34:53,686  INFO DelaysModule:36 Traffic light is disabled, skipping installation.
2025-10-29T13:34:53,712  INFO CalibrationModule:32 Calibration module is not activated.
2025-10-29T13:34:54,062  INFO EqasimTrafficModule:23 Attribute crossing penalty is enabled.
2025-10-29T13:34:54,088  INFO DelaysModule:36 Traffic light is disabled, skipping installation.
2025-10-29T13:34:54,107  INFO CalibrationModule:32 Calibration module is not activated.
2025-10-29T13:34:54,248  INFO EqasimTrafficModule:23 Attribute crossing penalty is enabled.
2025-10-29T13:34:54,270  INFO DelaysModule:36 Traffic light is disabled, skipping installation.
2025-10-29T13:34:54,286  INFO CalibrationModule:32 Calibration module is not activated.
2025-10-29T13:34:54,414  INFO EqasimTrafficModule:23 Attribute crossing penalty is enabled.
2025-10-29T13:34:54,436  INFO DelaysModule:36 Traffic light is disabled, skipping installation.
2025-10-29T13:34:54,452  INFO CalibrationModule:32 Calibration module is not activated.
[WARNING] 
com.google.inject.CreationException: Unable to create injector, see the following errors:

1) [Guice/ErrorInCustomProvider]: RuntimeException: FileNotFoundException: estimated_dmc_parameters.yml (No such file or directory)
  at SwissModeChoiceModule.provideSwissCmdpModeParameters(SwissModeChoiceModule.java:115)
      \_ installed by: Modules$CombinedModule -> Modules$CombinedModule -> AbstractModule$6 -> Modules$OverrideModule -> AbstractModule$6 -> Modules$OverrideModule -> AbstractModule$6 -> Modules$OverrideModule -> AbstractModule$6 -> Modules$OverrideModule -> AbstractModule$6 -> Modules$OverrideModule -> AbstractModule$6 -> Modules$OverrideModule -> AbstractModule$6 -> Modules$OverrideModule -> AbstractModule$6 -> Modules$OverrideModule -> SwissModeChoiceModule
  while locating SwissCmdpModeParameters
  at SwissModeChoiceModule.installEqasimExtension(SwissModeChoiceModule.java:89)
      \_ installed by: Modules$CombinedModule -> Modules$CombinedModule -> AbstractModule$6 -> Modules$OverrideModule -> AbstractModule$6 -> Modules$OverrideModule -> AbstractModule$6 -> Modules$OverrideModule -> AbstractModule$6 -> Modules$OverrideModule -> AbstractModule$6 -> Modules$OverrideModule -> AbstractModule$6 -> Modules$OverrideModule -> AbstractModule$6 -> Modules$OverrideModule -> AbstractModule$6 -> Modules$OverrideModule -> SwissModeChoiceModule
  at CityTaxPolicyExtension.provideCityTaxPolicyFactory(CityTaxPolicyExtension.java:20)
      \_ for 3rd parameter
  at CityTaxPolicyExtension.provideCityTaxPolicyFactory(CityTaxPolicyExtension.java:20)
      \_ installed by: Modules$CombinedModule -> Modules$CombinedModule -> AbstractModule$6 -> Modules$OverrideModule -> AbstractModule$6 -> Modules$OverrideModule -> AbstractModule$6 -> Modules$OverrideModule -> AbstractModule$6 -> Modules$OverrideModule -> AbstractModule$6 -> Modules$OverrideModule -> AbstractModule$6 -> Modules$OverrideModule -> AbstractModule$6 -> Modules$OverrideModule -> AbstractModule$6 -> Modules$OverrideModule -> AbstractModule$6 -> Modules$OverrideModule -> PolicyModule -> CityTaxPolicyExtension
  while locating CityTaxPolicyFactory
  while locating PolicyFactory annotated with @Element(setName=,uniqueId=659, type=MAPBINDER, keyType=String)
  at PolicyModule.providePolicies(PolicyModule.java:46)
      \_ for 1st parameter
  at PolicyModule.providePolicies(PolicyModule.java:46)
      \_ installed by: Modules$CombinedModule -> Modules$CombinedModule -> AbstractModule$6 -> Modules$OverrideModule -> AbstractModule$6 -> Modules$OverrideModule -> AbstractModule$6 -> Modules$OverrideModule -> AbstractModule$6 -> Modules$OverrideModule -> AbstractModule$6 -> Modules$OverrideModule -> AbstractModule$6 -> Modules$OverrideModule -> AbstractModule$6 -> Modules$OverrideModule -> AbstractModule$6 -> Modules$OverrideModule -> AbstractModule$6 -> Modules$OverrideModule -> PolicyModule
  at PolicyModule.provideRoutingPenalty(PolicyModule.java:97)
      \_ for 1st parameter
  at PolicyModule.provideRoutingPenalty(PolicyModule.java:97)
      \_ installed by: Modules$CombinedModule -> Modules$CombinedModule -> AbstractModule$6 -> Modules$OverrideModule -> AbstractModule$6 -> Modules$OverrideModule -> AbstractModule$6 -> Modules$OverrideModule -> AbstractModule$6 -> Modules$OverrideModule -> AbstractModule$6 -> Modules$OverrideModule -> AbstractModule$6 -> Modules$OverrideModule -> AbstractModule$6 -> Modules$OverrideModule -> AbstractModule$6 -> Modules$OverrideModule -> AbstractModule$6 -> Modules$OverrideModule -> PolicyModule
  at EqasimComponentsModule.providePolicyTravelDisutilityFactory(EqasimComponentsModule.java:27)
      \_ for 1st parameter
  at EqasimComponentsModule.providePolicyTravelDisutilityFactory(EqasimComponentsModule.java:27)
      \_ installed by: Modules$CombinedModule -> Modules$CombinedModule -> AbstractModule$6 -> Modules$OverrideModule -> AbstractModule$6 -> Modules$OverrideModule -> AbstractModule$6 -> Modules$OverrideModule -> AbstractModule$6 -> Modules$OverrideModule -> AbstractModule$6 -> Modules$OverrideModule -> AbstractModule$6 -> Modules$OverrideModule -> AbstractModule$6 -> Modules$OverrideModule -> AbstractModule$6 -> Modules$OverrideModule -> AbstractModule$6 -> Modules$OverrideModule -> AbstractModule$6 -> Modules$OverrideModule -> AbstractModule$6 -> Modules$OverrideModule -> AbstractModule$6 -> Modules$OverrideModule -> AbstractModule$6 -> Modules$OverrideModule -> AbstractModule$6 -> Modules$OverrideModule -> AbstractModule$6 -> Modules$OverrideModule -> AbstractModule$6 -> Modules$OverrideModule -> AbstractModule$6 -> Modules$OverrideModule -> AbstractModule$6 -> Modules$OverrideModule -> AbstractModule$6 -> Modules$OverrideModule -> EqasimComponentsModule
  while locating EqasimTravelDisutilityFactory
  while locating TravelDisutilityFactory annotated with @Named("car")
  while locating TravelDisutilityFactory annotated with @Element(setName=,uniqueId=716, type=MAPBINDER, keyType=String)
  at NetworkRoutingProvider.travelDisutilityFactories(NetworkRoutingProvider.java:46)
      \_ for field travelDisutilityFactories
  at TripRouterModule.install(TripRouterModule.java:68)
      \_ installed by: Modules$CombinedModule -> Modules$CombinedModule -> AbstractModule$6 -> Modules$OverrideModule -> Controler$2 -> ControlerDefaultsModule -> TripRouterModule

Learn more:
  https://github.com/google/guice/wiki/ERROR_IN_CUSTOM_PROVIDER

2) [Guice/ErrorInCustomProvider]: RuntimeException: FileNotFoundException: estimated_dmc_parameters.yml (No such file or directory)
  at SwissModeChoiceModule.provideSwissCmdpModeParameters(SwissModeChoiceModule.java:115)
      \_ installed by: Modules$CombinedModule -> Modules$CombinedModule -> AbstractModule$6 -> Modules$OverrideModule -> AbstractModule$6 -> Modules$OverrideModule -> AbstractModule$6 -> Modules$OverrideModule -> AbstractModule$6 -> Modules$OverrideModule -> AbstractModule$6 -> Modules$OverrideModule -> AbstractModule$6 -> Modules$OverrideModule -> AbstractModule$6 -> Modules$OverrideModule -> AbstractModule$6 -> Modules$OverrideModule -> SwissModeChoiceModule
  while locating SwissCmdpModeParameters
  at SwissModeChoiceModule.installEqasimExtension(SwissModeChoiceModule.java:89)
      \_ installed by: Modules$CombinedModule -> Modules$CombinedModule -> AbstractModule$6 -> Modules$OverrideModule -> AbstractModule$6 -> Modules$OverrideModule -> AbstractModule$6 -> Modules$OverrideModule -> AbstractModule$6 -> Modules$OverrideModule -> AbstractModule$6 -> Modules$OverrideModule -> AbstractModule$6 -> Modules$OverrideModule -> AbstractModule$6 -> Modules$OverrideModule -> AbstractModule$6 -> Modules$OverrideModule -> SwissModeChoiceModule
  at CityTaxPolicyExtension.provideCityTaxPolicyFactory(CityTaxPolicyExtension.java:20)
      \_ for 3rd parameter
  at CityTaxPolicyExtension.provideCityTaxPolicyFactory(CityTaxPolicyExtension.java:20)
      \_ installed by: Modules$CombinedModule -> Modules$CombinedModule -> AbstractModule$6 -> Modules$OverrideModule -> AbstractModule$6 -> Modules$OverrideModule -> AbstractModule$6 -> Modules$OverrideModule -> AbstractModule$6 -> Modules$OverrideModule -> AbstractModule$6 -> Modules$OverrideModule -> AbstractModule$6 -> Modules$OverrideModule -> AbstractModule$6 -> Modules$OverrideModule -> AbstractModule$6 -> Modules$OverrideModule -> AbstractModule$6 -> Modules$OverrideModule -> PolicyModule -> CityTaxPolicyExtension
  while locating CityTaxPolicyFactory
  while locating PolicyFactory annotated with @Element(setName=,uniqueId=659, type=MAPBINDER, keyType=String)
  at PolicyModule.providePolicies(PolicyModule.java:46)
      \_ for 1st parameter
  at PolicyModule.providePolicies(PolicyModule.java:46)
      \_ installed by: Modules$CombinedModule -> Modules$CombinedModule -> AbstractModule$6 -> Modules$OverrideModule -> AbstractModule$6 -> Modules$OverrideModule -> AbstractModule$6 -> Modules$OverrideModule -> AbstractModule$6 -> Modules$OverrideModule -> AbstractModule$6 -> Modules$OverrideModule -> AbstractModule$6 -> Modules$OverrideModule -> AbstractModule$6 -> Modules$OverrideModule -> AbstractModule$6 -> Modules$OverrideModule -> AbstractModule$6 -> Modules$OverrideModule -> PolicyModule
  at PolicyModule.provideRoutingPenalty(PolicyModule.java:97)
      \_ for 1st parameter
  at PolicyModule.provideRoutingPenalty(PolicyModule.java:97)
      \_ installed by: Modules$CombinedModule -> Modules$CombinedModule -> AbstractModule$6 -> Modules$OverrideModule -> AbstractModule$6 -> Modules$OverrideModule -> AbstractModule$6 -> Modules$OverrideModule -> AbstractModule$6 -> Modules$OverrideModule -> AbstractModule$6 -> Modules$OverrideModule -> AbstractModule$6 -> Modules$OverrideModule -> AbstractModule$6 -> Modules$OverrideModule -> AbstractModule$6 -> Modules$OverrideModule -> AbstractModule$6 -> Modules$OverrideModule -> PolicyModule
  at EqasimComponentsModule.providePolicyTravelDisutilityFactory(EqasimComponentsModule.java:27)
      \_ for 1st parameter
  at EqasimComponentsModule.providePolicyTravelDisutilityFactory(EqasimComponentsModule.java:27)
      \_ installed by: Modules$CombinedModule -> Modules$CombinedModule -> AbstractModule$6 -> Modules$OverrideModule -> AbstractModule$6 -> Modules$OverrideModule -> AbstractModule$6 -> Modules$OverrideModule -> AbstractModule$6 -> Modules$OverrideModule -> AbstractModule$6 -> Modules$OverrideModule -> AbstractModule$6 -> Modules$OverrideModule -> AbstractModule$6 -> Modules$OverrideModule -> AbstractModule$6 -> Modules$OverrideModule -> AbstractModule$6 -> Modules$OverrideModule -> AbstractModule$6 -> Modules$OverrideModule -> AbstractModule$6 -> Modules$OverrideModule -> AbstractModule$6 -> Modules$OverrideModule -> AbstractModule$6 -> Modules$OverrideModule -> AbstractModule$6 -> Modules$OverrideModule -> AbstractModule$6 -> Modules$OverrideModule -> AbstractModule$6 -> Modules$OverrideModule -> AbstractModule$6 -> Modules$OverrideModule -> AbstractModule$6 -> Modules$OverrideModule -> AbstractModule$6 -> Modules$OverrideModule -> EqasimComponentsModule
  while locating EqasimTravelDisutilityFactory
  while locating TravelDisutilityFactory annotated with @Named("car")
  while locating TravelDisutilityFactory annotated with @Element(setName=,uniqueId=716, type=MAPBINDER, keyType=String)
  at NetworkRoutingProvider.travelDisutilityFactories(NetworkRoutingProvider.java:46)
      \_ for field travelDisutilityFactories
  at TripRouterModule.install(TripRouterModule.java:68)
      \_ installed by: Modules$CombinedModule -> Modules$CombinedModule -> AbstractModule$6 -> Modules$OverrideModule -> Controler$2 -> ControlerDefaultsModule -> TripRouterModule

Learn more:
  https://github.com/google/guice/wiki/ERROR_IN_CUSTOM_PROVIDER

3) [Guice/ErrorInCustomProvider]: RuntimeException: FileNotFoundException: estimated_dmc_parameters.yml (No such file or directory)
  at SwissModeChoiceModule.provideSwissCmdpModeParameters(SwissModeChoiceModule.java:115)
      \_ installed by: Modules$CombinedModule -> Modules$CombinedModule -> AbstractModule$6 -> Modules$OverrideModule -> AbstractModule$6 -> Modules$OverrideModule -> AbstractModule$6 -> Modules$OverrideModule -> AbstractModule$6 -> Modules$OverrideModule -> AbstractModule$6 -> Modules$OverrideModule -> AbstractModule$6 -> Modules$OverrideModule -> AbstractModule$6 -> Modules$OverrideModule -> AbstractModule$6 -> Modules$OverrideModule -> SwissModeChoiceModule
  while locating SwissCmdpModeParameters
  at SwissModeChoiceModule.installEqasimExtension(SwissModeChoiceModule.java:89)
      \_ installed by: Modules$CombinedModule -> Modules$CombinedModule -> AbstractModule$6 -> Modules$OverrideModule -> AbstractModule$6 -> Modules$OverrideModule -> AbstractModule$6 -> Modules$OverrideModule -> AbstractModule$6 -> Modules$OverrideModule -> AbstractModule$6 -> Modules$OverrideModule -> AbstractModule$6 -> Modules$OverrideModule -> AbstractModule$6 -> Modules$OverrideModule -> AbstractModule$6 -> Modules$OverrideModule -> SwissModeChoiceModule
  at CityTaxPolicyExtension.provideCityTaxPolicyFactory(CityTaxPolicyExtension.java:20)
      \_ for 3rd parameter
  at CityTaxPolicyExtension.provideCityTaxPolicyFactory(CityTaxPolicyExtension.java:20)
      \_ installed by: Modules$CombinedModule -> Modules$CombinedModule -> AbstractModule$6 -> Modules$OverrideModule -> AbstractModule$6 -> Modules$OverrideModule -> AbstractModule$6 -> Modules$OverrideModule -> AbstractModule$6 -> Modules$OverrideModule -> AbstractModule$6 -> Modules$OverrideModule -> AbstractModule$6 -> Modules$OverrideModule -> AbstractModule$6 -> Modules$OverrideModule -> AbstractModule$6 -> Modules$OverrideModule -> AbstractModule$6 -> Modules$OverrideModule -> PolicyModule -> CityTaxPolicyExtension
  while locating CityTaxPolicyFactory
  while locating PolicyFactory annotated with @Element(setName=,uniqueId=659, type=MAPBINDER, keyType=String)
  at PolicyModule.providePolicies(PolicyModule.java:46)
      \_ for 1st parameter
  at PolicyModule.providePolicies(PolicyModule.java:46)
      \_ installed by: Modules$CombinedModule -> Modules$CombinedModule -> AbstractModule$6 -> Modules$OverrideModule -> AbstractModule$6 -> Modules$OverrideModule -> AbstractModule$6 -> Modules$OverrideModule -> AbstractModule$6 -> Modules$OverrideModule -> AbstractModule$6 -> Modules$OverrideModule -> AbstractModule$6 -> Modules$OverrideModule -> AbstractModule$6 -> Modules$OverrideModule -> AbstractModule$6 -> Modules$OverrideModule -> AbstractModule$6 -> Modules$OverrideModule -> PolicyModule
  at PolicyModule.provideRoutingPenalty(PolicyModule.java:97)
      \_ for 1st parameter
  at PolicyModule.provideRoutingPenalty(PolicyModule.java:97)
      \_ installed by: Modules$CombinedModule -> Modules$CombinedModule -> AbstractModule$6 -> Modules$OverrideModule -> AbstractModule$6 -> Modules$OverrideModule -> AbstractModule$6 -> Modules$OverrideModule -> AbstractModule$6 -> Modules$OverrideModule -> AbstractModule$6 -> Modules$OverrideModule -> AbstractModule$6 -> Modules$OverrideModule -> AbstractModule$6 -> Modules$OverrideModule -> AbstractModule$6 -> Modules$OverrideModule -> AbstractModule$6 -> Modules$OverrideModule -> PolicyModule
  at EqasimComponentsModule.providePolicyTravelDisutilityFactory(EqasimComponentsModule.java:27)
      \_ for 1st parameter
  at EqasimComponentsModule.providePolicyTravelDisutilityFactory(EqasimComponentsModule.java:27)
      \_ installed by: Modules$CombinedModule -> Modules$CombinedModule -> AbstractModule$6 -> Modules$OverrideModule -> AbstractModule$6 -> Modules$OverrideModule -> AbstractModule$6 -> Modules$OverrideModule -> AbstractModule$6 -> Modules$OverrideModule -> AbstractModule$6 -> Modules$OverrideModule -> AbstractModule$6 -> Modules$OverrideModule -> AbstractModule$6 -> Modules$OverrideModule -> AbstractModule$6 -> Modules$OverrideModule -> AbstractModule$6 -> Modules$OverrideModule -> AbstractModule$6 -> Modules$OverrideModule -> AbstractModule$6 -> Modules$OverrideModule -> AbstractModule$6 -> Modules$OverrideModule -> AbstractModule$6 -> Modules$OverrideModule -> AbstractModule$6 -> Modules$OverrideModule -> AbstractModule$6 -> Modules$OverrideModule -> AbstractModule$6 -> Modules$OverrideModule -> AbstractModule$6 -> Modules$OverrideModule -> AbstractModule$6 -> Modules$OverrideModule -> AbstractModule$6 -> Modules$OverrideModule -> EqasimComponentsModule
  while locating EqasimTravelDisutilityFactory
  while locating TravelDisutilityFactory annotated with @Named("car")
  while locating TravelDisutilityFactory annotated with @Element(setName=,uniqueId=716, type=MAPBINDER, keyType=String)
  at NetworkRoutingProvider.travelDisutilityFactories(NetworkRoutingProvider.java:46)
      \_ for field travelDisutilityFactories
  at TripRouterModule.install(TripRouterModule.java:68)
      \_ installed by: Modules$CombinedModule -> Modules$CombinedModule -> AbstractModule$6 -> Modules$OverrideModule -> Controler$2 -> ControlerDefaultsModule -> TripRouterModule

Learn more:
  https://github.com/google/guice/wiki/ERROR_IN_CUSTOM_PROVIDER

3 errors

======================
Full classname legend:
======================
AbstractModule$6:              "org.matsim.core.controler.AbstractModule$6"
CityTaxPolicyExtension:        "org.eqasim.core.simulation.policies.impl.city_tax.CityTaxPolicyExtension"
CityTaxPolicyFactory:          "org.eqasim.core.simulation.policies.impl.city_tax.CityTaxPolicyFactory"
Controler$2:                   "org.matsim.core.controler.Controler$2"
ControlerDefaultsModule:       "org.matsim.core.controler.ControlerDefaultsModule"
Element:                       "com.google.inject.internal.Element"
EqasimComponentsModule:        "org.eqasim.core.components.EqasimComponentsModule"
EqasimTravelDisutilityFactory: "org.eqasim.core.components.travel_disutility.EqasimTravelDisutilityFactory"
FileNotFoundException:         "java.io.FileNotFoundException"
Modules$CombinedModule:        "com.google.inject.util.Modules$CombinedModule"
Modules$OverrideModule:        "com.google.inject.util.Modules$OverrideModule"
Named:                         "com.google.inject.name.Named"
NetworkRoutingProvider:        "org.matsim.core.router.NetworkRoutingProvider"
PolicyFactory:                 "org.eqasim.core.simulation.policies.PolicyFactory"
PolicyModule:                  "org.eqasim.core.simulation.policies.PolicyModule"
SwissCmdpModeParameters:       "org.eqasim.switzerland.ch_cmdp.mode_choice.parameters.SwissCmdpModeParameters"
SwissModeChoiceModule:         "org.eqasim.switzerland.ch_cmdp.mode_choice.SwissModeChoiceModule"
TravelDisutilityFactory:       "org.matsim.core.router.costcalculators.TravelDisutilityFactory"
TripRouterModule:              "org.matsim.core.router.TripRouterModule"
========================
End of classname legend:
========================

    at com.google.inject.internal.Errors.throwCreationExceptionIfErrorsExist (Errors.java:589)
    at com.google.inject.internal.InternalInjectorCreator.injectDynamically (InternalInjectorCreator.java:182)
    at com.google.inject.internal.InternalInjectorCreator.build (InternalInjectorCreator.java:113)
    at com.google.inject.internal.InjectorImpl.createChildInjector (InjectorImpl.java:240)
    at com.google.inject.internal.InjectorImpl.createChildInjector (InjectorImpl.java:245)
    at org.matsim.core.controler.Injector.createInjector (Injector.java:74)
    at org.matsim.core.controler.Controler.createInjector (Controler.java:243)
    at org.matsim.core.controler.Controler.run (Controler.java:260)
    at org.eqasim.switzerland.ch_cmdp.RunSimulation.main (RunSimulation.java:64)
    at jdk.internal.reflect.DirectMethodHandleAccessor.invoke (DirectMethodHandleAccessor.java:103)
    at java.lang.reflect.Method.invoke (Method.java:580)
    at org.codehaus.mojo.exec.AbstractExecJavaBase.executeMainMethod (AbstractExecJavaBase.java:402)
    at org.codehaus.mojo.exec.ExecJavaMojo.executeMainMethod (ExecJavaMojo.java:142)
    at org.codehaus.mojo.exec.AbstractExecJavaBase.doExecClassLoader (AbstractExecJavaBase.java:377)
    at org.codehaus.mojo.exec.AbstractExecJavaBase.lambda$execute$0 (AbstractExecJavaBase.java:287)
    at java.lang.Thread.run (Thread.java:1583)
Caused by: java.lang.RuntimeException: java.io.FileNotFoundException: estimated_dmc_parameters.yml (No such file or directory)
    at org.eqasim.core.simulation.mode_choice.ParameterDefinition.applyFile (ParameterDefinition.java:99)
    at org.eqasim.switzerland.ch_cmdp.mode_choice.SwissModeChoiceModule.provideSwissCmdpModeParameters (SwissModeChoiceModule.java:118)
    at org.eqasim.switzerland.ch_cmdp.mode_choice.SwissModeChoiceModule$$FastClassByGuice$$1c4dbd8.GUICE$TRAMPOLINE (<generated>)
    at org.eqasim.switzerland.ch_cmdp.mode_choice.SwissModeChoiceModule$$FastClassByGuice$$1c4dbd8.apply (<generated>)
    at com.google.inject.internal.ProviderMethod$FastClassProviderMethod.doProvision (ProviderMethod.java:260)
    at com.google.inject.internal.ProviderMethod.doProvision (ProviderMethod.java:171)
    at com.google.inject.internal.InternalProviderInstanceBindingImpl$CyclicFactory.provision (InternalProviderInstanceBindingImpl.java:185)
    at com.google.inject.internal.InternalProviderInstanceBindingImpl$CyclicFactory.get (InternalProviderInstanceBindingImpl.java:162)
    at com.google.inject.internal.ProviderToInternalFactoryAdapter.get (ProviderToInternalFactoryAdapter.java:40)
    at com.google.inject.internal.SingletonScope$1.get (SingletonScope.java:169)
    at com.google.inject.internal.InternalFactoryToProviderAdapter.get (InternalFactoryToProviderAdapter.java:45)
    at com.google.inject.internal.FactoryProxy.get (FactoryProxy.java:60)
    at com.google.inject.internal.ProviderToInternalFactoryAdapter.get (ProviderToInternalFactoryAdapter.java:40)
    at com.google.inject.internal.SingletonScope$1.get (SingletonScope.java:169)
    at com.google.inject.internal.InternalFactoryToProviderAdapter.get (InternalFactoryToProviderAdapter.java:45)
    at com.google.inject.internal.SingleParameterInjector.inject (SingleParameterInjector.java:40)
    at com.google.inject.internal.SingleParameterInjector.getAll (SingleParameterInjector.java:60)
    at com.google.inject.internal.ProviderMethod.doProvision (ProviderMethod.java:171)
    at com.google.inject.internal.InternalProviderInstanceBindingImpl$CyclicFactory.provision (InternalProviderInstanceBindingImpl.java:185)
    at com.google.inject.internal.InternalProviderInstanceBindingImpl$CyclicFactory.get (InternalProviderInstanceBindingImpl.java:162)
    at com.google.inject.internal.ProviderToInternalFactoryAdapter.get (ProviderToInternalFactoryAdapter.java:40)
    at com.google.inject.internal.SingletonScope$1.get (SingletonScope.java:169)
    at com.google.inject.internal.InternalFactoryToProviderAdapter.get (InternalFactoryToProviderAdapter.java:45)
    at com.google.inject.internal.FactoryProxy.get (FactoryProxy.java:60)
    at com.google.inject.internal.SingleParameterInjector.inject (SingleParameterInjector.java:40)
    at com.google.inject.internal.RealMapBinder$ExtensionRealMapProvider.doProvision (RealMapBinder.java:808)
    at com.google.inject.internal.RealMapBinder$ExtensionRealMapProvider.doProvision (RealMapBinder.java:743)
    at com.google.inject.internal.InternalProviderInstanceBindingImpl$Factory.get (InternalProviderInstanceBindingImpl.java:113)
    at com.google.inject.internal.SingleParameterInjector.inject (SingleParameterInjector.java:40)
    at com.google.inject.internal.SingleParameterInjector.getAll (SingleParameterInjector.java:60)
    at com.google.inject.internal.ProviderMethod.doProvision (ProviderMethod.java:171)
    at com.google.inject.internal.InternalProviderInstanceBindingImpl$CyclicFactory.provision (InternalProviderInstanceBindingImpl.java:185)
    at com.google.inject.internal.InternalProviderInstanceBindingImpl$CyclicFactory.get (InternalProviderInstanceBindingImpl.java:162)
    at com.google.inject.internal.ProviderToInternalFactoryAdapter.get (ProviderToInternalFactoryAdapter.java:40)
    at com.google.inject.internal.SingletonScope$1.get (SingletonScope.java:169)
    at com.google.inject.internal.InternalFactoryToProviderAdapter.get (InternalFactoryToProviderAdapter.java:45)
    at com.google.inject.internal.SingleParameterInjector.inject (SingleParameterInjector.java:40)
    at com.google.inject.internal.SingleParameterInjector.getAll (SingleParameterInjector.java:60)
    at com.google.inject.internal.ProviderMethod.doProvision (ProviderMethod.java:171)
    at com.google.inject.internal.InternalProviderInstanceBindingImpl$CyclicFactory.provision (InternalProviderInstanceBindingImpl.java:185)
    at com.google.inject.internal.InternalProviderInstanceBindingImpl$CyclicFactory.get (InternalProviderInstanceBindingImpl.java:162)
    at com.google.inject.internal.SingleParameterInjector.inject (SingleParameterInjector.java:40)
    at com.google.inject.internal.SingleParameterInjector.getAll (SingleParameterInjector.java:60)
    at com.google.inject.internal.ProviderMethod.doProvision (ProviderMethod.java:171)
    at com.google.inject.internal.InternalProviderInstanceBindingImpl$CyclicFactory.provision (InternalProviderInstanceBindingImpl.java:185)
    at com.google.inject.internal.InternalProviderInstanceBindingImpl$CyclicFactory.get (InternalProviderInstanceBindingImpl.java:162)
    at com.google.inject.internal.ProviderToInternalFactoryAdapter.get (ProviderToInternalFactoryAdapter.java:40)
    at com.google.inject.internal.SingletonScope$1.get (SingletonScope.java:169)
    at com.google.inject.internal.InternalFactoryToProviderAdapter.get (InternalFactoryToProviderAdapter.java:45)
    at com.google.inject.internal.FactoryProxy.get (FactoryProxy.java:60)
    at com.google.inject.internal.FactoryProxy.get (FactoryProxy.java:60)
    at com.google.inject.internal.SingleParameterInjector.inject (SingleParameterInjector.java:40)
    at com.google.inject.internal.RealMapBinder$ExtensionRealMapProvider.doProvision (RealMapBinder.java:808)
    at com.google.inject.internal.RealMapBinder$ExtensionRealMapProvider.doProvision (RealMapBinder.java:743)
    at com.google.inject.internal.InternalProviderInstanceBindingImpl$Factory.get (InternalProviderInstanceBindingImpl.java:113)
    at com.google.inject.internal.SingleFieldInjector.inject (SingleFieldInjector.java:50)
    at com.google.inject.internal.MembersInjectorImpl.injectMembers (MembersInjectorImpl.java:146)
    at com.google.inject.internal.MembersInjectorImpl.injectAndNotify (MembersInjectorImpl.java:101)
    at com.google.inject.internal.Initializer$InjectableReference.get (Initializer.java:256)
    at com.google.inject.internal.Initializer.injectAll (Initializer.java:153)
    at com.google.inject.internal.InternalInjectorCreator.injectDynamically (InternalInjectorCreator.java:180)
    at com.google.inject.internal.InternalInjectorCreator.build (InternalInjectorCreator.java:113)
    at com.google.inject.internal.InjectorImpl.createChildInjector (InjectorImpl.java:240)
    at com.google.inject.internal.InjectorImpl.createChildInjector (InjectorImpl.java:245)
    at org.matsim.core.controler.Injector.createInjector (Injector.java:74)
    at org.matsim.core.controler.Controler.createInjector (Controler.java:243)
    at org.matsim.core.controler.Controler.run (Controler.java:260)
    at org.eqasim.switzerland.ch_cmdp.RunSimulation.main (RunSimulation.java:64)
    at jdk.internal.reflect.DirectMethodHandleAccessor.invoke (DirectMethodHandleAccessor.java:103)
    at java.lang.reflect.Method.invoke (Method.java:580)
    at org.codehaus.mojo.exec.AbstractExecJavaBase.executeMainMethod (AbstractExecJavaBase.java:402)
    at org.codehaus.mojo.exec.ExecJavaMojo.executeMainMethod (ExecJavaMojo.java:142)
    at org.codehaus.mojo.exec.AbstractExecJavaBase.doExecClassLoader (AbstractExecJavaBase.java:377)
    at org.codehaus.mojo.exec.AbstractExecJavaBase.lambda$execute$0 (AbstractExecJavaBase.java:287)
    at java.lang.Thread.run (Thread.java:1583)
Caused by: java.io.FileNotFoundException: estimated_dmc_parameters.yml (No such file or directory)
    at java.io.FileInputStream.open0 (Native Method)
    at java.io.FileInputStream.open (FileInputStream.java:213)
    at java.io.FileInputStream.<init> (FileInputStream.java:152)
    at com.fasterxml.jackson.dataformat.yaml.YAMLFactory.createParser (YAMLFactory.java:393)
    at com.fasterxml.jackson.dataformat.yaml.YAMLFactory.createParser (YAMLFactory.java:15)
    at com.fasterxml.jackson.databind.ObjectMapper.readValue (ObjectMapper.java:3792)
    at org.eqasim.core.simulation.mode_choice.ParameterDefinition.applyFile (ParameterDefinition.java:96)
    at org.eqasim.switzerland.ch_cmdp.mode_choice.SwissModeChoiceModule.provideSwissCmdpModeParameters (SwissModeChoiceModule.java:118)
    at org.eqasim.switzerland.ch_cmdp.mode_choice.SwissModeChoiceModule$$FastClassByGuice$$1c4dbd8.GUICE$TRAMPOLINE (<generated>)
    at org.eqasim.switzerland.ch_cmdp.mode_choice.SwissModeChoiceModule$$FastClassByGuice$$1c4dbd8.apply (<generated>)
    at com.google.inject.internal.ProviderMethod$FastClassProviderMethod.doProvision (ProviderMethod.java:260)
    at com.google.inject.internal.ProviderMethod.doProvision (ProviderMethod.java:171)
    at com.google.inject.internal.InternalProviderInstanceBindingImpl$CyclicFactory.provision (InternalProviderInstanceBindingImpl.java:185)
    at com.google.inject.internal.InternalProviderInstanceBindingImpl$CyclicFactory.get (InternalProviderInstanceBindingImpl.java:162)
    at com.google.inject.internal.ProviderToInternalFactoryAdapter.get (ProviderToInternalFactoryAdapter.java:40)
    at com.google.inject.internal.SingletonScope$1.get (SingletonScope.java:169)
    at com.google.inject.internal.InternalFactoryToProviderAdapter.get (InternalFactoryToProviderAdapter.java:45)
    at com.google.inject.internal.FactoryProxy.get (FactoryProxy.java:60)
    at com.google.inject.internal.ProviderToInternalFactoryAdapter.get (ProviderToInternalFactoryAdapter.java:40)
    at com.google.inject.internal.SingletonScope$1.get (SingletonScope.java:169)
    at com.google.inject.internal.InternalFactoryToProviderAdapter.get (InternalFactoryToProviderAdapter.java:45)
    at com.google.inject.internal.SingleParameterInjector.inject (SingleParameterInjector.java:40)
    at com.google.inject.internal.SingleParameterInjector.getAll (SingleParameterInjector.java:60)
    at com.google.inject.internal.ProviderMethod.doProvision (ProviderMethod.java:171)
    at com.google.inject.internal.InternalProviderInstanceBindingImpl$CyclicFactory.provision (InternalProviderInstanceBindingImpl.java:185)
    at com.google.inject.internal.InternalProviderInstanceBindingImpl$CyclicFactory.get (InternalProviderInstanceBindingImpl.java:162)
    at com.google.inject.internal.ProviderToInternalFactoryAdapter.get (ProviderToInternalFactoryAdapter.java:40)
    at com.google.inject.internal.SingletonScope$1.get (SingletonScope.java:169)
    at com.google.inject.internal.InternalFactoryToProviderAdapter.get (InternalFactoryToProviderAdapter.java:45)
    at com.google.inject.internal.FactoryProxy.get (FactoryProxy.java:60)
    at com.google.inject.internal.SingleParameterInjector.inject (SingleParameterInjector.java:40)
    at com.google.inject.internal.RealMapBinder$ExtensionRealMapProvider.doProvision (RealMapBinder.java:808)
    at com.google.inject.internal.RealMapBinder$ExtensionRealMapProvider.doProvision (RealMapBinder.java:743)
    at com.google.inject.internal.InternalProviderInstanceBindingImpl$Factory.get (InternalProviderInstanceBindingImpl.java:113)
    at com.google.inject.internal.SingleParameterInjector.inject (SingleParameterInjector.java:40)
    at com.google.inject.internal.SingleParameterInjector.getAll (SingleParameterInjector.java:60)
    at com.google.inject.internal.ProviderMethod.doProvision (ProviderMethod.java:171)
    at com.google.inject.internal.InternalProviderInstanceBindingImpl$CyclicFactory.provision (InternalProviderInstanceBindingImpl.java:185)
    at com.google.inject.internal.InternalProviderInstanceBindingImpl$CyclicFactory.get (InternalProviderInstanceBindingImpl.java:162)
    at com.google.inject.internal.ProviderToInternalFactoryAdapter.get (ProviderToInternalFactoryAdapter.java:40)
    at com.google.inject.internal.SingletonScope$1.get (SingletonScope.java:169)
    at com.google.inject.internal.InternalFactoryToProviderAdapter.get (InternalFactoryToProviderAdapter.java:45)
    at com.google.inject.internal.SingleParameterInjector.inject (SingleParameterInjector.java:40)
    at com.google.inject.internal.SingleParameterInjector.getAll (SingleParameterInjector.java:60)
    at com.google.inject.internal.ProviderMethod.doProvision (ProviderMethod.java:171)
    at com.google.inject.internal.InternalProviderInstanceBindingImpl$CyclicFactory.provision (InternalProviderInstanceBindingImpl.java:185)
    at com.google.inject.internal.InternalProviderInstanceBindingImpl$CyclicFactory.get (InternalProviderInstanceBindingImpl.java:162)
    at com.google.inject.internal.SingleParameterInjector.inject (SingleParameterInjector.java:40)
    at com.google.inject.internal.SingleParameterInjector.getAll (SingleParameterInjector.java:60)
    at com.google.inject.internal.ProviderMethod.doProvision (ProviderMethod.java:171)
    at com.google.inject.internal.InternalProviderInstanceBindingImpl$CyclicFactory.provision (InternalProviderInstanceBindingImpl.java:185)
    at com.google.inject.internal.InternalProviderInstanceBindingImpl$CyclicFactory.get (InternalProviderInstanceBindingImpl.java:162)
    at com.google.inject.internal.ProviderToInternalFactoryAdapter.get (ProviderToInternalFactoryAdapter.java:40)
    at com.google.inject.internal.SingletonScope$1.get (SingletonScope.java:169)
    at com.google.inject.internal.InternalFactoryToProviderAdapter.get (InternalFactoryToProviderAdapter.java:45)
    at com.google.inject.internal.FactoryProxy.get (FactoryProxy.java:60)
    at com.google.inject.internal.FactoryProxy.get (FactoryProxy.java:60)
    at com.google.inject.internal.SingleParameterInjector.inject (SingleParameterInjector.java:40)
    at com.google.inject.internal.RealMapBinder$ExtensionRealMapProvider.doProvision (RealMapBinder.java:808)
    at com.google.inject.internal.RealMapBinder$ExtensionRealMapProvider.doProvision (RealMapBinder.java:743)
    at com.google.inject.internal.InternalProviderInstanceBindingImpl$Factory.get (InternalProviderInstanceBindingImpl.java:113)
    at com.google.inject.internal.SingleFieldInjector.inject (SingleFieldInjector.java:50)
    at com.google.inject.internal.MembersInjectorImpl.injectMembers (MembersInjectorImpl.java:146)
    at com.google.inject.internal.MembersInjectorImpl.injectAndNotify (MembersInjectorImpl.java:101)
    at com.google.inject.internal.Initializer$InjectableReference.get (Initializer.java:256)
    at com.google.inject.internal.Initializer.injectAll (Initializer.java:153)
    at com.google.inject.internal.InternalInjectorCreator.injectDynamically (InternalInjectorCreator.java:180)
    at com.google.inject.internal.InternalInjectorCreator.build (InternalInjectorCreator.java:113)
    at com.google.inject.internal.InjectorImpl.createChildInjector (InjectorImpl.java:240)
    at com.google.inject.internal.InjectorImpl.createChildInjector (InjectorImpl.java:245)
    at org.matsim.core.controler.Injector.createInjector (Injector.java:74)
    at org.matsim.core.controler.Controler.createInjector (Controler.java:243)
    at org.matsim.core.controler.Controler.run (Controler.java:260)
    at org.eqasim.switzerland.ch_cmdp.RunSimulation.main (RunSimulation.java:64)
    at jdk.internal.reflect.DirectMethodHandleAccessor.invoke (DirectMethodHandleAccessor.java:103)
    at java.lang.reflect.Method.invoke (Method.java:580)
    at org.codehaus.mojo.exec.AbstractExecJavaBase.executeMainMethod (AbstractExecJavaBase.java:402)
    at org.codehaus.mojo.exec.ExecJavaMojo.executeMainMethod (ExecJavaMojo.java:142)
    at org.codehaus.mojo.exec.AbstractExecJavaBase.doExecClassLoader (AbstractExecJavaBase.java:377)
    at org.codehaus.mojo.exec.AbstractExecJavaBase.lambda$execute$0 (AbstractExecJavaBase.java:287)
    at java.lang.Thread.run (Thread.java:1583)
[WARNING] thread Thread[#34,Log4j2-TF-1-Scheduled-1,5,org.eqasim.switzerland.ch_cmdp.RunSimulation] was interrupted but is still alive after waiting at least 15000msecs
[WARNING] thread Thread[#34,Log4j2-TF-1-Scheduled-1,5,org.eqasim.switzerland.ch_cmdp.RunSimulation] will linger despite being asked to die via interruption
[WARNING] NOTE: 1 thread(s) did not finish despite being asked to via interruption. This is not a problem with exec:java, it is a problem with the running code. Although not serious, it should be remedied.
[INFO] ------------------------------------------------------------------------
[INFO] BUILD FAILURE
[INFO] ------------------------------------------------------------------------
[INFO] Total time:  55.757 s
[INFO] Finished at: 2025-10-29T13:35:09+01:00
[INFO] ------------------------------------------------------------------------
[ERROR] Failed to execute goal org.codehaus.mojo:exec-maven-plugin:3.6.2:java (default-cli) on project switzerland: An exception occurred while executing the Java class. Unable to create injector, see the following errors:
[ERROR] 
[ERROR] 1) [Guice/ErrorInCustomProvider]: RuntimeException: FileNotFoundException: estimated_dmc_parameters.yml (No such file or directory)
[ERROR]   at SwissModeChoiceModule.provideSwissCmdpModeParameters(SwissModeChoiceModule.java:115)
[ERROR]       \_ installed by: Modules$CombinedModule -> Modules$CombinedModule -> AbstractModule$6 -> Modules$OverrideModule -> AbstractModule$6 -> Modules$OverrideModule -> AbstractModule$6 -> Modules$OverrideModule -> AbstractModule$6 -> Modules$OverrideModule -> AbstractModule$6 -> Modules$OverrideModule -> AbstractModule$6 -> Modules$OverrideModule -> AbstractModule$6 -> Modules$OverrideModule -> AbstractModule$6 -> Modules$OverrideModule -> SwissModeChoiceModule
[ERROR]   while locating SwissCmdpModeParameters
[ERROR]   at SwissModeChoiceModule.installEqasimExtension(SwissModeChoiceModule.java:89)
[ERROR]       \_ installed by: Modules$CombinedModule -> Modules$CombinedModule -> AbstractModule$6 -> Modules$OverrideModule -> AbstractModule$6 -> Modules$OverrideModule -> AbstractModule$6 -> Modules$OverrideModule -> AbstractModule$6 -> Modules$OverrideModule -> AbstractModule$6 -> Modules$OverrideModule -> AbstractModule$6 -> Modules$OverrideModule -> AbstractModule$6 -> Modules$OverrideModule -> AbstractModule$6 -> Modules$OverrideModule -> SwissModeChoiceModule
[ERROR]   at CityTaxPolicyExtension.provideCityTaxPolicyFactory(CityTaxPolicyExtension.java:20)
[ERROR]       \_ for 3rd parameter
[ERROR]   at CityTaxPolicyExtension.provideCityTaxPolicyFactory(CityTaxPolicyExtension.java:20)
[ERROR]       \_ installed by: Modules$CombinedModule -> Modules$CombinedModule -> AbstractModule$6 -> Modules$OverrideModule -> AbstractModule$6 -> Modules$OverrideModule -> AbstractModule$6 -> Modules$OverrideModule -> AbstractModule$6 -> Modules$OverrideModule -> AbstractModule$6 -> Modules$OverrideModule -> AbstractModule$6 -> Modules$OverrideModule -> AbstractModule$6 -> Modules$OverrideModule -> AbstractModule$6 -> Modules$OverrideModule -> AbstractModule$6 -> Modules$OverrideModule -> PolicyModule -> CityTaxPolicyExtension
[ERROR]   while locating CityTaxPolicyFactory
[ERROR]   while locating PolicyFactory annotated with @Element(setName=,uniqueId=659, type=MAPBINDER, keyType=String)
[ERROR]   at PolicyModule.providePolicies(PolicyModule.java:46)
[ERROR]       \_ for 1st parameter
[ERROR]   at PolicyModule.providePolicies(PolicyModule.java:46)
[ERROR]       \_ installed by: Modules$CombinedModule -> Modules$CombinedModule -> AbstractModule$6 -> Modules$OverrideModule -> AbstractModule$6 -> Modules$OverrideModule -> AbstractModule$6 -> Modules$OverrideModule -> AbstractModule$6 -> Modules$OverrideModule -> AbstractModule$6 -> Modules$OverrideModule -> AbstractModule$6 -> Modules$OverrideModule -> AbstractModule$6 -> Modules$OverrideModule -> AbstractModule$6 -> Modules$OverrideModule -> AbstractModule$6 -> Modules$OverrideModule -> PolicyModule
[ERROR]   at PolicyModule.provideRoutingPenalty(PolicyModule.java:97)
[ERROR]       \_ for 1st parameter
[ERROR]   at PolicyModule.provideRoutingPenalty(PolicyModule.java:97)
[ERROR]       \_ installed by: Modules$CombinedModule -> Modules$CombinedModule -> AbstractModule$6 -> Modules$OverrideModule -> AbstractModule$6 -> Modules$OverrideModule -> AbstractModule$6 -> Modules$OverrideModule -> AbstractModule$6 -> Modules$OverrideModule -> AbstractModule$6 -> Modules$OverrideModule -> AbstractModule$6 -> Modules$OverrideModule -> AbstractModule$6 -> Modules$OverrideModule -> AbstractModule$6 -> Modules$OverrideModule -> AbstractModule$6 -> Modules$OverrideModule -> PolicyModule
[ERROR]   at EqasimComponentsModule.providePolicyTravelDisutilityFactory(EqasimComponentsModule.java:27)
[ERROR]       \_ for 1st parameter
[ERROR]   at EqasimComponentsModule.providePolicyTravelDisutilityFactory(EqasimComponentsModule.java:27)
[ERROR]       \_ installed by: Modules$CombinedModule -> Modules$CombinedModule -> AbstractModule$6 -> Modules$OverrideModule -> AbstractModule$6 -> Modules$OverrideModule -> AbstractModule$6 -> Modules$OverrideModule -> AbstractModule$6 -> Modules$OverrideModule -> AbstractModule$6 -> Modules$OverrideModule -> AbstractModule$6 -> Modules$OverrideModule -> AbstractModule$6 -> Modules$OverrideModule -> AbstractModule$6 -> Modules$OverrideModule -> AbstractModule$6 -> Modules$OverrideModule -> AbstractModule$6 -> Modules$OverrideModule -> AbstractModule$6 -> Modules$OverrideModule -> AbstractModule$6 -> Modules$OverrideModule -> AbstractModule$6 -> Modules$OverrideModule -> AbstractModule$6 -> Modules$OverrideModule -> AbstractModule$6 -> Modules$OverrideModule -> AbstractModule$6 -> Modules$OverrideModule -> AbstractModule$6 -> Modules$OverrideModule -> AbstractModule$6 -> Modules$OverrideModule -> AbstractModule$6 -> Modules$OverrideModule -> EqasimComponentsModule
[ERROR]   while locating EqasimTravelDisutilityFactory
[ERROR]   while locating TravelDisutilityFactory annotated with @Named("car")
[ERROR]   while locating TravelDisutilityFactory annotated with @Element(setName=,uniqueId=716, type=MAPBINDER, keyType=String)
[ERROR]   at NetworkRoutingProvider.travelDisutilityFactories(NetworkRoutingProvider.java:46)
[ERROR]       \_ for field travelDisutilityFactories
[ERROR]   at TripRouterModule.install(TripRouterModule.java:68)
[ERROR]       \_ installed by: Modules$CombinedModule -> Modules$CombinedModule -> AbstractModule$6 -> Modules$OverrideModule -> Controler$2 -> ControlerDefaultsModule -> TripRouterModule
[ERROR] 
[ERROR] Learn more:
[ERROR]   https://github.com/google/guice/wiki/ERROR_IN_CUSTOM_PROVIDER
[ERROR] 
[ERROR] 2) [Guice/ErrorInCustomProvider]: RuntimeException: FileNotFoundException: estimated_dmc_parameters.yml (No such file or directory)
[ERROR]   at SwissModeChoiceModule.provideSwissCmdpModeParameters(SwissModeChoiceModule.java:115)
[ERROR]       \_ installed by: Modules$CombinedModule -> Modules$CombinedModule -> AbstractModule$6 -> Modules$OverrideModule -> AbstractModule$6 -> Modules$OverrideModule -> AbstractModule$6 -> Modules$OverrideModule -> AbstractModule$6 -> Modules$OverrideModule -> AbstractModule$6 -> Modules$OverrideModule -> AbstractModule$6 -> Modules$OverrideModule -> AbstractModule$6 -> Modules$OverrideModule -> AbstractModule$6 -> Modules$OverrideModule -> SwissModeChoiceModule
[ERROR]   while locating SwissCmdpModeParameters
[ERROR]   at SwissModeChoiceModule.installEqasimExtension(SwissModeChoiceModule.java:89)
[ERROR]       \_ installed by: Modules$CombinedModule -> Modules$CombinedModule -> AbstractModule$6 -> Modules$OverrideModule -> AbstractModule$6 -> Modules$OverrideModule -> AbstractModule$6 -> Modules$OverrideModule -> AbstractModule$6 -> Modules$OverrideModule -> AbstractModule$6 -> Modules$OverrideModule -> AbstractModule$6 -> Modules$OverrideModule -> AbstractModule$6 -> Modules$OverrideModule -> AbstractModule$6 -> Modules$OverrideModule -> SwissModeChoiceModule
[ERROR]   at CityTaxPolicyExtension.provideCityTaxPolicyFactory(CityTaxPolicyExtension.java:20)
[ERROR]       \_ for 3rd parameter
[ERROR]   at CityTaxPolicyExtension.provideCityTaxPolicyFactory(CityTaxPolicyExtension.java:20)
[ERROR]       \_ installed by: Modules$CombinedModule -> Modules$CombinedModule -> AbstractModule$6 -> Modules$OverrideModule -> AbstractModule$6 -> Modules$OverrideModule -> AbstractModule$6 -> Modules$OverrideModule -> AbstractModule$6 -> Modules$OverrideModule -> AbstractModule$6 -> Modules$OverrideModule -> AbstractModule$6 -> Modules$OverrideModule -> AbstractModule$6 -> Modules$OverrideModule -> AbstractModule$6 -> Modules$OverrideModule -> AbstractModule$6 -> Modules$OverrideModule -> PolicyModule -> CityTaxPolicyExtension
[ERROR]   while locating CityTaxPolicyFactory
[ERROR]   while locating PolicyFactory annotated with @Element(setName=,uniqueId=659, type=MAPBINDER, keyType=String)
[ERROR]   at PolicyModule.providePolicies(PolicyModule.java:46)
[ERROR]       \_ for 1st parameter
[ERROR]   at PolicyModule.providePolicies(PolicyModule.java:46)
[ERROR]       \_ installed by: Modules$CombinedModule -> Modules$CombinedModule -> AbstractModule$6 -> Modules$OverrideModule -> AbstractModule$6 -> Modules$OverrideModule -> AbstractModule$6 -> Modules$OverrideModule -> AbstractModule$6 -> Modules$OverrideModule -> AbstractModule$6 -> Modules$OverrideModule -> AbstractModule$6 -> Modules$OverrideModule -> AbstractModule$6 -> Modules$OverrideModule -> AbstractModule$6 -> Modules$OverrideModule -> AbstractModule$6 -> Modules$OverrideModule -> PolicyModule
[ERROR]   at PolicyModule.provideRoutingPenalty(PolicyModule.java:97)
[ERROR]       \_ for 1st parameter
[ERROR]   at PolicyModule.provideRoutingPenalty(PolicyModule.java:97)
[ERROR]       \_ installed by: Modules$CombinedModule -> Modules$CombinedModule -> AbstractModule$6 -> Modules$OverrideModule -> AbstractModule$6 -> Modules$OverrideModule -> AbstractModule$6 -> Modules$OverrideModule -> AbstractModule$6 -> Modules$OverrideModule -> AbstractModule$6 -> Modules$OverrideModule -> AbstractModule$6 -> Modules$OverrideModule -> AbstractModule$6 -> Modules$OverrideModule -> AbstractModule$6 -> Modules$OverrideModule -> AbstractModule$6 -> Modules$OverrideModule -> PolicyModule
[ERROR]   at EqasimComponentsModule.providePolicyTravelDisutilityFactory(EqasimComponentsModule.java:27)
[ERROR]       \_ for 1st parameter
[ERROR]   at EqasimComponentsModule.providePolicyTravelDisutilityFactory(EqasimComponentsModule.java:27)
[ERROR]       \_ installed by: Modules$CombinedModule -> Modules$CombinedModule -> AbstractModule$6 -> Modules$OverrideModule -> AbstractModule$6 -> Modules$OverrideModule -> AbstractModule$6 -> Modules$OverrideModule -> AbstractModule$6 -> Modules$OverrideModule -> AbstractModule$6 -> Modules$OverrideModule -> AbstractModule$6 -> Modules$OverrideModule -> AbstractModule$6 -> Modules$OverrideModule -> AbstractModule$6 -> Modules$OverrideModule -> AbstractModule$6 -> Modules$OverrideModule -> AbstractModule$6 -> Modules$OverrideModule -> AbstractModule$6 -> Modules$OverrideModule -> AbstractModule$6 -> Modules$OverrideModule -> AbstractModule$6 -> Modules$OverrideModule -> AbstractModule$6 -> Modules$OverrideModule -> AbstractModule$6 -> Modules$OverrideModule -> AbstractModule$6 -> Modules$OverrideModule -> AbstractModule$6 -> Modules$OverrideModule -> AbstractModule$6 -> Modules$OverrideModule -> AbstractModule$6 -> Modules$OverrideModule -> EqasimComponentsModule
[ERROR]   while locating EqasimTravelDisutilityFactory
[ERROR]   while locating TravelDisutilityFactory annotated with @Named("car")
[ERROR]   while locating TravelDisutilityFactory annotated with @Element(setName=,uniqueId=716, type=MAPBINDER, keyType=String)
[ERROR]   at NetworkRoutingProvider.travelDisutilityFactories(NetworkRoutingProvider.java:46)
[ERROR]       \_ for field travelDisutilityFactories
[ERROR]   at TripRouterModule.install(TripRouterModule.java:68)
[ERROR]       \_ installed by: Modules$CombinedModule -> Modules$CombinedModule -> AbstractModule$6 -> Modules$OverrideModule -> Controler$2 -> ControlerDefaultsModule -> TripRouterModule
[ERROR] 
[ERROR] Learn more:
[ERROR]   https://github.com/google/guice/wiki/ERROR_IN_CUSTOM_PROVIDER
[ERROR] 
[ERROR] 3) [Guice/ErrorInCustomProvider]: RuntimeException: FileNotFoundException: estimated_dmc_parameters.yml (No such file or directory)
[ERROR]   at SwissModeChoiceModule.provideSwissCmdpModeParameters(SwissModeChoiceModule.java:115)
[ERROR]       \_ installed by: Modules$CombinedModule -> Modules$CombinedModule -> AbstractModule$6 -> Modules$OverrideModule -> AbstractModule$6 -> Modules$OverrideModule -> AbstractModule$6 -> Modules$OverrideModule -> AbstractModule$6 -> Modules$OverrideModule -> AbstractModule$6 -> Modules$OverrideModule -> AbstractModule$6 -> Modules$OverrideModule -> AbstractModule$6 -> Modules$OverrideModule -> AbstractModule$6 -> Modules$OverrideModule -> SwissModeChoiceModule
[ERROR]   while locating SwissCmdpModeParameters
[ERROR]   at SwissModeChoiceModule.installEqasimExtension(SwissModeChoiceModule.java:89)
[ERROR]       \_ installed by: Modules$CombinedModule -> Modules$CombinedModule -> AbstractModule$6 -> Modules$OverrideModule -> AbstractModule$6 -> Modules$OverrideModule -> AbstractModule$6 -> Modules$OverrideModule -> AbstractModule$6 -> Modules$OverrideModule -> AbstractModule$6 -> Modules$OverrideModule -> AbstractModule$6 -> Modules$OverrideModule -> AbstractModule$6 -> Modules$OverrideModule -> AbstractModule$6 -> Modules$OverrideModule -> SwissModeChoiceModule
[ERROR]   at CityTaxPolicyExtension.provideCityTaxPolicyFactory(CityTaxPolicyExtension.java:20)
[ERROR]       \_ for 3rd parameter
[ERROR]   at CityTaxPolicyExtension.provideCityTaxPolicyFactory(CityTaxPolicyExtension.java:20)
[ERROR]       \_ installed by: Modules$CombinedModule -> Modules$CombinedModule -> AbstractModule$6 -> Modules$OverrideModule -> AbstractModule$6 -> Modules$OverrideModule -> AbstractModule$6 -> Modules$OverrideModule -> AbstractModule$6 -> Modules$OverrideModule -> AbstractModule$6 -> Modules$OverrideModule -> AbstractModule$6 -> Modules$OverrideModule -> AbstractModule$6 -> Modules$OverrideModule -> AbstractModule$6 -> Modules$OverrideModule -> AbstractModule$6 -> Modules$OverrideModule -> PolicyModule -> CityTaxPolicyExtension
[ERROR]   while locating CityTaxPolicyFactory
[ERROR]   while locating PolicyFactory annotated with @Element(setName=,uniqueId=659, type=MAPBINDER, keyType=String)
[ERROR]   at PolicyModule.providePolicies(PolicyModule.java:46)
[ERROR]       \_ for 1st parameter
[ERROR]   at PolicyModule.providePolicies(PolicyModule.java:46)
[ERROR]       \_ installed by: Modules$CombinedModule -> Modules$CombinedModule -> AbstractModule$6 -> Modules$OverrideModule -> AbstractModule$6 -> Modules$OverrideModule -> AbstractModule$6 -> Modules$OverrideModule -> AbstractModule$6 -> Modules$OverrideModule -> AbstractModule$6 -> Modules$OverrideModule -> AbstractModule$6 -> Modules$OverrideModule -> AbstractModule$6 -> Modules$OverrideModule -> AbstractModule$6 -> Modules$OverrideModule -> AbstractModule$6 -> Modules$OverrideModule -> PolicyModule
[ERROR]   at PolicyModule.provideRoutingPenalty(PolicyModule.java:97)
[ERROR]       \_ for 1st parameter
[ERROR]   at PolicyModule.provideRoutingPenalty(PolicyModule.java:97)
[ERROR]       \_ installed by: Modules$CombinedModule -> Modules$CombinedModule -> AbstractModule$6 -> Modules$OverrideModule -> AbstractModule$6 -> Modules$OverrideModule -> AbstractModule$6 -> Modules$OverrideModule -> AbstractModule$6 -> Modules$OverrideModule -> AbstractModule$6 -> Modules$OverrideModule -> AbstractModule$6 -> Modules$OverrideModule -> AbstractModule$6 -> Modules$OverrideModule -> AbstractModule$6 -> Modules$OverrideModule -> AbstractModule$6 -> Modules$OverrideModule -> PolicyModule
[ERROR]   at EqasimComponentsModule.providePolicyTravelDisutilityFactory(EqasimComponentsModule.java:27)
[ERROR]       \_ for 1st parameter
[ERROR]   at EqasimComponentsModule.providePolicyTravelDisutilityFactory(EqasimComponentsModule.java:27)
[ERROR]       \_ installed by: Modules$CombinedModule -> Modules$CombinedModule -> AbstractModule$6 -> Modules$OverrideModule -> AbstractModule$6 -> Modules$OverrideModule -> AbstractModule$6 -> Modules$OverrideModule -> AbstractModule$6 -> Modules$OverrideModule -> AbstractModule$6 -> Modules$OverrideModule -> AbstractModule$6 -> Modules$OverrideModule -> AbstractModule$6 -> Modules$OverrideModule -> AbstractModule$6 -> Modules$OverrideModule -> AbstractModule$6 -> Modules$OverrideModule -> AbstractModule$6 -> Modules$OverrideModule -> AbstractModule$6 -> Modules$OverrideModule -> AbstractModule$6 -> Modules$OverrideModule -> AbstractModule$6 -> Modules$OverrideModule -> AbstractModule$6 -> Modules$OverrideModule -> AbstractModule$6 -> Modules$OverrideModule -> AbstractModule$6 -> Modules$OverrideModule -> AbstractModule$6 -> Modules$OverrideModule -> AbstractModule$6 -> Modules$OverrideModule -> AbstractModule$6 -> Modules$OverrideModule -> EqasimComponentsModule
[ERROR]   while locating EqasimTravelDisutilityFactory
[ERROR]   while locating TravelDisutilityFactory annotated with @Named("car")
[ERROR]   while locating TravelDisutilityFactory annotated with @Element(setName=,uniqueId=716, type=MAPBINDER, keyType=String)
[ERROR]   at NetworkRoutingProvider.travelDisutilityFactories(NetworkRoutingProvider.java:46)
[ERROR]       \_ for field travelDisutilityFactories
[ERROR]   at TripRouterModule.install(TripRouterModule.java:68)
[ERROR]       \_ installed by: Modules$CombinedModule -> Modules$CombinedModule -> AbstractModule$6 -> Modules$OverrideModule -> Controler$2 -> ControlerDefaultsModule -> TripRouterModule
[ERROR] 
[ERROR] Learn more:
[ERROR]   https://github.com/google/guice/wiki/ERROR_IN_CUSTOM_PROVIDER
[ERROR] 
[ERROR] 3 errors
[ERROR] 
[ERROR] ======================
[ERROR] Full classname legend:
[ERROR] ======================
[ERROR] AbstractModule$6:              "org.matsim.core.controler.AbstractModule$6"
[ERROR] CityTaxPolicyExtension:        "org.eqasim.core.simulation.policies.impl.city_tax.CityTaxPolicyExtension"
[ERROR] CityTaxPolicyFactory:          "org.eqasim.core.simulation.policies.impl.city_tax.CityTaxPolicyFactory"
[ERROR] Controler$2:                   "org.matsim.core.controler.Controler$2"
[ERROR] ControlerDefaultsModule:       "org.matsim.core.controler.ControlerDefaultsModule"
[ERROR] Element:                       "com.google.inject.internal.Element"
[ERROR] EqasimComponentsModule:        "org.eqasim.core.components.EqasimComponentsModule"
[ERROR] EqasimTravelDisutilityFactory: "org.eqasim.core.components.travel_disutility.EqasimTravelDisutilityFactory"
[ERROR] FileNotFoundException:         "java.io.FileNotFoundException"
[ERROR] Modules$CombinedModule:        "com.google.inject.util.Modules$CombinedModule"
[ERROR] Modules$OverrideModule:        "com.google.inject.util.Modules$OverrideModule"
[ERROR] Named:                         "com.google.inject.name.Named"
[ERROR] NetworkRoutingProvider:        "org.matsim.core.router.NetworkRoutingProvider"
[ERROR] PolicyFactory:                 "org.eqasim.core.simulation.policies.PolicyFactory"
[ERROR] PolicyModule:                  "org.eqasim.core.simulation.policies.PolicyModule"
[ERROR] SwissCmdpModeParameters:       "org.eqasim.switzerland.ch_cmdp.mode_choice.parameters.SwissCmdpModeParameters"
[ERROR] SwissModeChoiceModule:         "org.eqasim.switzerland.ch_cmdp.mode_choice.SwissModeChoiceModule"
[ERROR] TravelDisutilityFactory:       "org.matsim.core.router.costcalculators.TravelDisutilityFactory"
[ERROR] TripRouterModule:              "org.matsim.core.router.TripRouterModule"
[ERROR] ========================
[ERROR] End of classname legend:
[ERROR] ========================
[ERROR] : java.io.FileNotFoundException: estimated_dmc_parameters.yml (No such file or directory)
[ERROR] -> [Help 1]
[ERROR] 
[ERROR] To see the full stack trace of the errors, re-run Maven with the -e switch.
[ERROR] Re-run Maven using the -X switch to enable full debug logging.
[ERROR] 
[ERROR] For more information about the errors and possible solutions, please read the following articles:
[ERROR] [Help 1] http://cwiki.apache.org/confluence/display/MAVEN/MojoExecutionException
