/var/spool/slurm/slurmd/state/job47188157/slurm_script: 9: source: not found
/var/spool/slurm/slurmd/state/job47188157/slurm_script: 12: module: not found
/var/spool/slurm/slurmd/state/job47188157/slurm_script: 13: module: not found
/var/spool/slurm/slurmd/state/job47188157/slurm_script: 14: module: not found
/var/spool/slurm/slurmd/state/job47188157/slurm_script: 15: module: not found
[INFO] Scanning for projects...
[WARNING] 
[WARNING] Some problems were encountered while building the effective model for org.eqasim:switzerland:jar:2.0.0
[WARNING] The expression ${parent.groupId} is deprecated. Please use ${project.parent.groupId} instead.
[WARNING] 
[WARNING] It is highly recommended to fix these problems because they threaten the stability of your build.
[WARNING] 
[WARNING] For this reason, future Maven versions might no longer support building such malformed projects.
[WARNING] 
[INFO] 
[INFO] -----------------------< org.eqasim:switzerland >-----------------------
[INFO] Building switzerland 2.0.0
[INFO] --------------------------------[ jar ]---------------------------------
[WARNING] The POM for org.eqasim:core:jar:2.0.0 is missing, no dependency information available
[INFO] ------------------------------------------------------------------------
[INFO] BUILD FAILURE
[INFO] ------------------------------------------------------------------------
[INFO] Total time:  2.547 s
[INFO] Finished at: 2025-10-29T13:24:54+01:00
[INFO] ------------------------------------------------------------------------
[ERROR] Failed to execute goal on project switzerland: Could not resolve dependencies for project org.eqasim:switzerland:jar:2.0.0: Cannot access osgeo (https://repo.osgeo.org/repository/release/) in offline mode and the artifact org.eqasim:core:jar:2.0.0 has not been downloaded from it before. -> [Help 1]
[ERROR] 
[ERROR] To see the full stack trace of the errors, re-run Maven with the -e switch.
[ERROR] Re-run Maven using the -X switch to enable full debug logging.
[ERROR] 
[ERROR] For more information about the errors and possible solutions, please read the following articles:
[ERROR] [Help 1] http://cwiki.apache.org/confluence/display/MAVEN/DependencyResolutionException
