/var/spool/slurm/slurmd/state/job47184194/slurm_script: 9: source: not found
/var/spool/slurm/slurmd/state/job47184194/slurm_script: 12: module: not found
/var/spool/slurm/slurmd/state/job47184194/slurm_script: 13: module: not found
/var/spool/slurm/slurmd/state/job47184194/slurm_script: 14: module: not found
/var/spool/slurm/slurmd/state/job47184194/slurm_script: 15: module: not found
[INFO] Scanning for projects...
[WARNING] 
[WARNING] Some problems were encountered while building the effective model for org.eqasim:switzerland:jar:2.0.0
[WARNING] The expression ${parent.groupId} is deprecated. Please use ${project.parent.groupId} instead.
[WARNING] 
[WARNING] Some problems were encountered while building the effective model for org.eqasim:ile_de_france:jar:2.0.0
[WARNING] The expression ${parent.groupId} is deprecated. Please use ${project.parent.groupId} instead.
[WARNING] 
[WARNING] It is highly recommended to fix these problems because they threaten the stability of your build.
[WARNING] 
[WARNING] For this reason, future Maven versions might no longer support building such malformed projects.
[WARNING] 
[INFO] ------------------------------------------------------------------------
[INFO] Reactor Build Order:
[INFO] 
[INFO] eqasim                                                             [pom]
[INFO] core                                                               [jar]
[INFO] switzerland                                                        [jar]
[INFO] ile_de_france                                                      [jar]
[INFO] sao_paulo                                                          [jar]
[INFO] examples                                                           [jar]
[INFO] san_francisco                                                      [jar]
[INFO] los_angeles                                                        [jar]
[INFO] server                                                             [jar]
[INFO] 
[INFO] -------------------------< org.eqasim:eqasim >--------------------------
[INFO] Building eqasim 2.0.0                                              [1/9]
[INFO] --------------------------------[ pom ]---------------------------------
[INFO] 
[INFO] --- maven-clean-plugin:2.5:clean (default-clean) @ eqasim ---
[INFO] Deleting /cluster/scratch/bschlaich/eqasim-java/target
[INFO] 
[INFO] >>> maven-source-plugin:3.3.1:jar (attach-sources) > generate-sources @ eqasim >>>
[INFO] 
[INFO] <<< maven-source-plugin:3.3.1:jar (attach-sources) < generate-sources @ eqasim <<<
[INFO] 
[INFO] 
[INFO] --- maven-source-plugin:3.3.1:jar (attach-sources) @ eqasim ---
[INFO] 
[INFO] --- maven-jar-plugin:3.4.2:test-jar (default) @ eqasim ---
[WARNING] JAR will be empty - no content was marked for inclusion!
[INFO] Building jar: /cluster/scratch/bschlaich/eqasim-java/target/eqasim-2.0.0-tests.jar
[INFO] 
[INFO] --------------------------< org.eqasim:core >---------------------------
[INFO] Building core 2.0.0                                                [2/9]
[INFO] --------------------------------[ jar ]---------------------------------
[INFO] 
[INFO] --- maven-clean-plugin:2.5:clean (default-clean) @ core ---
[INFO] Deleting /cluster/scratch/bschlaich/eqasim-java/core/target
[INFO] 
[INFO] --- maven-resources-plugin:3.3.1:resources (default-resources) @ core ---
[WARNING] Using platform encoding (UTF-8 actually) to copy filtered resources, i.e. build is platform dependent!
[INFO] Copying 15 resources from src/main/resources to target/classes
[INFO] 
[INFO] --- maven-compiler-plugin:3.1:compile (default-compile) @ core ---
[INFO] Changes detected - recompiling the module!
[WARNING] File encoding has not been set, using platform encoding UTF-8, i.e. build is platform dependent!
[INFO] Compiling 405 source files to /cluster/scratch/bschlaich/eqasim-java/core/target/classes
[WARNING] /cluster/scratch/bschlaich/eqasim-java/core/src/main/java/org/eqasim/core/simulation/EqasimConfigurator.java: Some input files use or override a deprecated API.
[WARNING] /cluster/scratch/bschlaich/eqasim-java/core/src/main/java/org/eqasim/core/simulation/EqasimConfigurator.java: Recompile with -Xlint:deprecation for details.
[INFO] 
[INFO] --- maven-resources-plugin:3.3.1:testResources (default-testResources) @ core ---
[WARNING] Using platform encoding (UTF-8 actually) to copy filtered resources, i.e. build is platform dependent!
[INFO] skip non existing resourceDirectory /cluster/scratch/bschlaich/eqasim-java/core/src/test/resources
[INFO] 
[INFO] --- maven-compiler-plugin:3.1:testCompile (default-testCompile) @ core ---
[INFO] Changes detected - recompiling the module!
[WARNING] File encoding has not been set, using platform encoding UTF-8, i.e. build is platform dependent!
[INFO] Compiling 11 source files to /cluster/scratch/bschlaich/eqasim-java/core/target/test-classes
[WARNING] /cluster/scratch/bschlaich/eqasim-java/core/src/test/java/org/eqasim/TestEmissions.java: /cluster/scratch/bschlaich/eqasim-java/core/src/test/java/org/eqasim/TestEmissions.java uses or overrides a deprecated API.
[WARNING] /cluster/scratch/bschlaich/eqasim-java/core/src/test/java/org/eqasim/TestEmissions.java: Recompile with -Xlint:deprecation for details.
[INFO] 
[INFO] --- maven-surefire-plugin:2.12.4:test (default-test) @ core ---
[INFO] Tests are skipped.
[INFO] 
[INFO] --- maven-jar-plugin:3.4.2:jar (default-jar) @ core ---
[INFO] Building jar: /cluster/scratch/bschlaich/eqasim-java/core/target/core-2.0.0.jar
[INFO] 
[INFO] >>> maven-source-plugin:3.3.1:jar (attach-sources) > generate-sources @ core >>>
[INFO] 
[INFO] <<< maven-source-plugin:3.3.1:jar (attach-sources) < generate-sources @ core <<<
[INFO] 
[INFO] 
[INFO] --- maven-source-plugin:3.3.1:jar (attach-sources) @ core ---
[INFO] Building jar: /cluster/scratch/bschlaich/eqasim-java/core/target/core-2.0.0-sources.jar
[INFO] 
[INFO] --- maven-jar-plugin:3.4.2:test-jar (default) @ core ---
[INFO] Building jar: /cluster/scratch/bschlaich/eqasim-java/core/target/core-2.0.0-tests.jar
[INFO] 
[INFO] -----------------------< org.eqasim:switzerland >-----------------------
[INFO] Building switzerland 2.0.0                                         [3/9]
[INFO] --------------------------------[ jar ]---------------------------------
[INFO] 
[INFO] --- maven-clean-plugin:2.5:clean (default-clean) @ switzerland ---
[INFO] Deleting /cluster/scratch/bschlaich/eqasim-java/switzerland/target
[INFO] 
[INFO] --- maven-resources-plugin:3.3.1:resources (default-resources) @ switzerland ---
[WARNING] Using platform encoding (UTF-8 actually) to copy filtered resources, i.e. build is platform dependent!
[INFO] Copying 1 resource from src/main/resources to target/classes
[INFO] 
[INFO] --- maven-compiler-plugin:3.1:compile (default-compile) @ switzerland ---
[INFO] Changes detected - recompiling the module!
[WARNING] File encoding has not been set, using platform encoding UTF-8, i.e. build is platform dependent!
[INFO] Compiling 112 source files to /cluster/scratch/bschlaich/eqasim-java/switzerland/target/classes
[WARNING] /cluster/scratch/bschlaich/eqasim-java/switzerland/src/main/java/org/eqasim/switzerland/zurich/travel_time/SmoothingTravelTimeModule.java: /cluster/scratch/bschlaich/eqasim-java/switzerland/src/main/java/org/eqasim/switzerland/zurich/travel_time/SmoothingTravelTimeModule.java uses or overrides a deprecated API.
[WARNING] /cluster/scratch/bschlaich/eqasim-java/switzerland/src/main/java/org/eqasim/switzerland/zurich/travel_time/SmoothingTravelTimeModule.java: Recompile with -Xlint:deprecation for details.
[INFO] 
[INFO] --- maven-resources-plugin:3.3.1:testResources (default-testResources) @ switzerland ---
[WARNING] Using platform encoding (UTF-8 actually) to copy filtered resources, i.e. build is platform dependent!
[INFO] skip non existing resourceDirectory /cluster/scratch/bschlaich/eqasim-java/switzerland/src/test/resources
[INFO] 
[INFO] --- maven-compiler-plugin:3.1:testCompile (default-testCompile) @ switzerland ---
[INFO] No sources to compile
[INFO] 
[INFO] --- maven-surefire-plugin:2.12.4:test (default-test) @ switzerland ---
[INFO] Tests are skipped.
[INFO] 
[INFO] --- maven-jar-plugin:3.4.2:jar (default-jar) @ switzerland ---
[INFO] Building jar: /cluster/scratch/bschlaich/eqasim-java/switzerland/target/switzerland-2.0.0.jar
[INFO] 
[INFO] >>> maven-source-plugin:3.3.1:jar (attach-sources) > generate-sources @ switzerland >>>
[INFO] 
[INFO] <<< maven-source-plugin:3.3.1:jar (attach-sources) < generate-sources @ switzerland <<<
[INFO] 
[INFO] 
[INFO] --- maven-source-plugin:3.3.1:jar (attach-sources) @ switzerland ---
[INFO] Building jar: /cluster/scratch/bschlaich/eqasim-java/switzerland/target/switzerland-2.0.0-sources.jar
[INFO] 
[INFO] --- maven-jar-plugin:3.4.2:test-jar (default) @ switzerland ---
[WARNING] JAR will be empty - no content was marked for inclusion!
[INFO] Building jar: /cluster/scratch/bschlaich/eqasim-java/switzerland/target/switzerland-2.0.0-tests.jar
[INFO] 
[INFO] ----------------------< org.eqasim:ile_de_france >----------------------
[INFO] Building ile_de_france 2.0.0                                       [4/9]
[INFO] --------------------------------[ jar ]---------------------------------
[INFO] 
[INFO] --- maven-clean-plugin:2.5:clean (default-clean) @ ile_de_france ---
[INFO] Deleting /cluster/scratch/bschlaich/eqasim-java/ile_de_france/target
[INFO] 
[INFO] --- maven-resources-plugin:3.3.1:resources (default-resources) @ ile_de_france ---
[WARNING] Using platform encoding (UTF-8 actually) to copy filtered resources, i.e. build is platform dependent!
[INFO] Copying 13 resources from src/main/resources to target/classes
[INFO] 
[INFO] --- maven-compiler-plugin:3.1:compile (default-compile) @ ile_de_france ---
[INFO] Changes detected - recompiling the module!
[WARNING] File encoding has not been set, using platform encoding UTF-8, i.e. build is platform dependent!
[INFO] Compiling 16 source files to /cluster/scratch/bschlaich/eqasim-java/ile_de_france/target/classes
[INFO] 
[INFO] --- maven-resources-plugin:3.3.1:testResources (default-testResources) @ ile_de_france ---
[WARNING] Using platform encoding (UTF-8 actually) to copy filtered resources, i.e. build is platform dependent!
[INFO] skip non existing resourceDirectory /cluster/scratch/bschlaich/eqasim-java/ile_de_france/src/test/resources
[INFO] 
[INFO] --- maven-compiler-plugin:3.1:testCompile (default-testCompile) @ ile_de_france ---
[INFO] Changes detected - recompiling the module!
[WARNING] File encoding has not been set, using platform encoding UTF-8, i.e. build is platform dependent!
[INFO] Compiling 1 source file to /cluster/scratch/bschlaich/eqasim-java/ile_de_france/target/test-classes
[INFO] 
[INFO] --- maven-surefire-plugin:2.12.4:test (default-test) @ ile_de_france ---
[INFO] Tests are skipped.
[INFO] 
[INFO] --- maven-jar-plugin:3.4.2:jar (default-jar) @ ile_de_france ---
[INFO] Building jar: /cluster/scratch/bschlaich/eqasim-java/ile_de_france/target/ile_de_france-2.0.0.jar
[INFO] 
[INFO] >>> maven-source-plugin:3.3.1:jar (attach-sources) > generate-sources @ ile_de_france >>>
[INFO] 
[INFO] <<< maven-source-plugin:3.3.1:jar (attach-sources) < generate-sources @ ile_de_france <<<
[INFO] 
[INFO] 
[INFO] --- maven-source-plugin:3.3.1:jar (attach-sources) @ ile_de_france ---
[INFO] Building jar: /cluster/scratch/bschlaich/eqasim-java/ile_de_france/target/ile_de_france-2.0.0-sources.jar
[INFO] 
[INFO] --- maven-jar-plugin:3.4.2:test-jar (default) @ ile_de_france ---
[INFO] Building jar: /cluster/scratch/bschlaich/eqasim-java/ile_de_france/target/ile_de_france-2.0.0-tests.jar
[INFO] 
[INFO] ------------------------< org.eqasim:sao_paulo >------------------------
[INFO] Building sao_paulo 2.0.0                                           [5/9]
[INFO] --------------------------------[ jar ]---------------------------------
[INFO] 
[INFO] --- maven-clean-plugin:2.5:clean (default-clean) @ sao_paulo ---
[INFO] Deleting /cluster/scratch/bschlaich/eqasim-java/sao_paulo/target
[INFO] 
[INFO] --- maven-resources-plugin:3.3.1:resources (default-resources) @ sao_paulo ---
[WARNING] Using platform encoding (UTF-8 actually) to copy filtered resources, i.e. build is platform dependent!
[INFO] Copying 1 resource from src/main/resources to target/classes
[INFO] 
[INFO] --- maven-compiler-plugin:3.1:compile (default-compile) @ sao_paulo ---
[INFO] Changes detected - recompiling the module!
[WARNING] File encoding has not been set, using platform encoding UTF-8, i.e. build is platform dependent!
[INFO] Compiling 29 source files to /cluster/scratch/bschlaich/eqasim-java/sao_paulo/target/classes
[INFO] 
[INFO] --- maven-resources-plugin:3.3.1:testResources (default-testResources) @ sao_paulo ---
[WARNING] Using platform encoding (UTF-8 actually) to copy filtered resources, i.e. build is platform dependent!
[INFO] skip non existing resourceDirectory /cluster/scratch/bschlaich/eqasim-java/sao_paulo/src/test/resources
[INFO] 
[INFO] --- maven-compiler-plugin:3.1:testCompile (default-testCompile) @ sao_paulo ---
[INFO] No sources to compile
[INFO] 
[INFO] --- maven-surefire-plugin:2.12.4:test (default-test) @ sao_paulo ---
[INFO] Tests are skipped.
[INFO] 
[INFO] --- maven-jar-plugin:3.4.2:jar (default-jar) @ sao_paulo ---
[INFO] Building jar: /cluster/scratch/bschlaich/eqasim-java/sao_paulo/target/sao_paulo-2.0.0.jar
[INFO] 
[INFO] >>> maven-source-plugin:3.3.1:jar (attach-sources) > generate-sources @ sao_paulo >>>
[INFO] 
[INFO] <<< maven-source-plugin:3.3.1:jar (attach-sources) < generate-sources @ sao_paulo <<<
[INFO] 
[INFO] 
[INFO] --- maven-source-plugin:3.3.1:jar (attach-sources) @ sao_paulo ---
[INFO] Building jar: /cluster/scratch/bschlaich/eqasim-java/sao_paulo/target/sao_paulo-2.0.0-sources.jar
[INFO] 
[INFO] --- maven-jar-plugin:3.4.2:test-jar (default) @ sao_paulo ---
[WARNING] JAR will be empty - no content was marked for inclusion!
[INFO] Building jar: /cluster/scratch/bschlaich/eqasim-java/sao_paulo/target/sao_paulo-2.0.0-tests.jar
[INFO] 
[INFO] ------------------------< org.eqasim:examples >-------------------------
[INFO] Building examples 2.0.0                                            [6/9]
[INFO] --------------------------------[ jar ]---------------------------------
[INFO] 
[INFO] --- maven-clean-plugin:2.5:clean (default-clean) @ examples ---
[INFO] Deleting /cluster/scratch/bschlaich/eqasim-java/examples/target
[INFO] 
[INFO] --- maven-resources-plugin:3.3.1:resources (default-resources) @ examples ---
[WARNING] Using platform encoding (UTF-8 actually) to copy filtered resources, i.e. build is platform dependent!
[INFO] Copying 1 resource from src/main/resources to target/classes
[INFO] 
[INFO] --- maven-compiler-plugin:3.1:compile (default-compile) @ examples ---
[INFO] Changes detected - recompiling the module!
[WARNING] File encoding has not been set, using platform encoding UTF-8, i.e. build is platform dependent!
[INFO] Compiling 11 source files to /cluster/scratch/bschlaich/eqasim-java/examples/target/classes
[WARNING] /cluster/scratch/bschlaich/eqasim-java/examples/src/main/java/org/eqasim/examples/corsica_drt/RunCorsicaDrtSimulation.java: /cluster/scratch/bschlaich/eqasim-java/examples/src/main/java/org/eqasim/examples/corsica_drt/RunCorsicaDrtSimulation.java uses or overrides a deprecated API.
[WARNING] /cluster/scratch/bschlaich/eqasim-java/examples/src/main/java/org/eqasim/examples/corsica_drt/RunCorsicaDrtSimulation.java: Recompile with -Xlint:deprecation for details.
[INFO] 
[INFO] --- maven-resources-plugin:3.3.1:testResources (default-testResources) @ examples ---
[WARNING] Using platform encoding (UTF-8 actually) to copy filtered resources, i.e. build is platform dependent!
[INFO] skip non existing resourceDirectory /cluster/scratch/bschlaich/eqasim-java/examples/src/test/resources
[INFO] 
[INFO] --- maven-compiler-plugin:3.1:testCompile (default-testCompile) @ examples ---
[INFO] Changes detected - recompiling the module!
[WARNING] File encoding has not been set, using platform encoding UTF-8, i.e. build is platform dependent!
[INFO] Compiling 2 source files to /cluster/scratch/bschlaich/eqasim-java/examples/target/test-classes
[INFO] 
[INFO] --- maven-surefire-plugin:2.12.4:test (default-test) @ examples ---
[INFO] Tests are skipped.
[INFO] 
[INFO] --- maven-jar-plugin:3.4.2:jar (default-jar) @ examples ---
[INFO] Building jar: /cluster/scratch/bschlaich/eqasim-java/examples/target/examples-2.0.0.jar
[INFO] 
[INFO] >>> maven-source-plugin:3.3.1:jar (attach-sources) > generate-sources @ examples >>>
[INFO] 
[INFO] <<< maven-source-plugin:3.3.1:jar (attach-sources) < generate-sources @ examples <<<
[INFO] 
[INFO] 
[INFO] --- maven-source-plugin:3.3.1:jar (attach-sources) @ examples ---
[INFO] Building jar: /cluster/scratch/bschlaich/eqasim-java/examples/target/examples-2.0.0-sources.jar
[INFO] 
[INFO] --- maven-jar-plugin:3.4.2:test-jar (default) @ examples ---
[INFO] Building jar: /cluster/scratch/bschlaich/eqasim-java/examples/target/examples-2.0.0-tests.jar
[INFO] 
[INFO] ----------------------< org.eqasim:san_francisco >----------------------
[INFO] Building san_francisco 2.0.0                                       [7/9]
[INFO] --------------------------------[ jar ]---------------------------------
[INFO] 
[INFO] --- maven-clean-plugin:2.5:clean (default-clean) @ san_francisco ---
[INFO] Deleting /cluster/scratch/bschlaich/eqasim-java/san_francisco/target
[INFO] 
[INFO] --- maven-resources-plugin:3.3.1:resources (default-resources) @ san_francisco ---
[WARNING] Using platform encoding (UTF-8 actually) to copy filtered resources, i.e. build is platform dependent!
[INFO] Copying 1 resource from src/main/resources to target/classes
[INFO] 
[INFO] --- maven-compiler-plugin:3.1:compile (default-compile) @ san_francisco ---
[INFO] Changes detected - recompiling the module!
[WARNING] File encoding has not been set, using platform encoding UTF-8, i.e. build is platform dependent!
[INFO] Compiling 25 source files to /cluster/scratch/bschlaich/eqasim-java/san_francisco/target/classes
[INFO] 
[INFO] --- maven-resources-plugin:3.3.1:testResources (default-testResources) @ san_francisco ---
[WARNING] Using platform encoding (UTF-8 actually) to copy filtered resources, i.e. build is platform dependent!
[INFO] skip non existing resourceDirectory /cluster/scratch/bschlaich/eqasim-java/san_francisco/src/test/resources
[INFO] 
[INFO] --- maven-compiler-plugin:3.1:testCompile (default-testCompile) @ san_francisco ---
[INFO] No sources to compile
[INFO] 
[INFO] --- maven-surefire-plugin:2.12.4:test (default-test) @ san_francisco ---
[INFO] Tests are skipped.
[INFO] 
[INFO] --- maven-jar-plugin:3.4.2:jar (default-jar) @ san_francisco ---
[INFO] Building jar: /cluster/scratch/bschlaich/eqasim-java/san_francisco/target/san_francisco-2.0.0.jar
[INFO] 
[INFO] >>> maven-source-plugin:3.3.1:jar (attach-sources) > generate-sources @ san_francisco >>>
[INFO] 
[INFO] <<< maven-source-plugin:3.3.1:jar (attach-sources) < generate-sources @ san_francisco <<<
[INFO] 
[INFO] 
[INFO] --- maven-source-plugin:3.3.1:jar (attach-sources) @ san_francisco ---
[INFO] Building jar: /cluster/scratch/bschlaich/eqasim-java/san_francisco/target/san_francisco-2.0.0-sources.jar
[INFO] 
[INFO] --- maven-jar-plugin:3.4.2:test-jar (default) @ san_francisco ---
[WARNING] JAR will be empty - no content was marked for inclusion!
[INFO] Building jar: /cluster/scratch/bschlaich/eqasim-java/san_francisco/target/san_francisco-2.0.0-tests.jar
[INFO] 
[INFO] -----------------------< org.eqasim:los_angeles >-----------------------
[INFO] Building los_angeles 2.0.0                                         [8/9]
[INFO] --------------------------------[ jar ]---------------------------------
[INFO] 
[INFO] --- maven-clean-plugin:2.5:clean (default-clean) @ los_angeles ---
[INFO] Deleting /cluster/scratch/bschlaich/eqasim-java/los_angeles/target
[INFO] 
[INFO] --- maven-resources-plugin:3.3.1:resources (default-resources) @ los_angeles ---
[WARNING] Using platform encoding (UTF-8 actually) to copy filtered resources, i.e. build is platform dependent!
[INFO] Copying 1 resource from src/main/resources to target/classes
[INFO] 
[INFO] --- maven-compiler-plugin:3.1:compile (default-compile) @ los_angeles ---
[INFO] Changes detected - recompiling the module!
[WARNING] File encoding has not been set, using platform encoding UTF-8, i.e. build is platform dependent!
[INFO] Compiling 25 source files to /cluster/scratch/bschlaich/eqasim-java/los_angeles/target/classes
[INFO] 
[INFO] --- maven-resources-plugin:3.3.1:testResources (default-testResources) @ los_angeles ---
[WARNING] Using platform encoding (UTF-8 actually) to copy filtered resources, i.e. build is platform dependent!
[INFO] skip non existing resourceDirectory /cluster/scratch/bschlaich/eqasim-java/los_angeles/src/test/resources
[INFO] 
[INFO] --- maven-compiler-plugin:3.1:testCompile (default-testCompile) @ los_angeles ---
[INFO] No sources to compile
[INFO] 
[INFO] --- maven-surefire-plugin:2.12.4:test (default-test) @ los_angeles ---
[INFO] Tests are skipped.
[INFO] 
[INFO] --- maven-jar-plugin:3.4.2:jar (default-jar) @ los_angeles ---
[INFO] Building jar: /cluster/scratch/bschlaich/eqasim-java/los_angeles/target/los_angeles-2.0.0.jar
[INFO] 
[INFO] >>> maven-source-plugin:3.3.1:jar (attach-sources) > generate-sources @ los_angeles >>>
[INFO] 
[INFO] <<< maven-source-plugin:3.3.1:jar (attach-sources) < generate-sources @ los_angeles <<<
[INFO] 
[INFO] 
[INFO] --- maven-source-plugin:3.3.1:jar (attach-sources) @ los_angeles ---
[INFO] Building jar: /cluster/scratch/bschlaich/eqasim-java/los_angeles/target/los_angeles-2.0.0-sources.jar
[INFO] 
[INFO] --- maven-jar-plugin:3.4.2:test-jar (default) @ los_angeles ---
[WARNING] JAR will be empty - no content was marked for inclusion!
[INFO] Building jar: /cluster/scratch/bschlaich/eqasim-java/los_angeles/target/los_angeles-2.0.0-tests.jar
[INFO] 
[INFO] -------------------------< org.eqasim:server >--------------------------
[INFO] Building server 2.0.0                                              [9/9]
[INFO] --------------------------------[ jar ]---------------------------------
[WARNING] The POM for org.slf4j:slf4j-log4j12:jar:2.0.17 is missing, no dependency information available
[WARNING] The POM for org.apache.logging.log4j:log4j-slf4j-impl:jar:2.25.1 is missing, no dependency information available
[WARNING] The POM for io.javalin:javalin:jar:6.7.0 is missing, no dependency information available
[INFO] ------------------------------------------------------------------------
[INFO] Reactor Summary for eqasim 2.0.0:
[INFO] 
[INFO] eqasim ............................................. SUCCESS [  2.465 s]
[INFO] core ............................................... SUCCESS [ 17.395 s]
[INFO] switzerland ........................................ SUCCESS [  5.461 s]
[INFO] ile_de_france ...................................... SUCCESS [  4.657 s]
[INFO] sao_paulo .......................................... SUCCESS [  3.033 s]
[INFO] examples ........................................... SUCCESS [  3.531 s]
[INFO] san_francisco ...................................... SUCCESS [  2.392 s]
[INFO] los_angeles ........................................ SUCCESS [  3.730 s]
[INFO] server ............................................. FAILURE [  0.086 s]
[INFO] ------------------------------------------------------------------------
[INFO] BUILD FAILURE
[INFO] ------------------------------------------------------------------------
[INFO] Total time:  43.571 s
[INFO] Finished at: 2025-10-29T12:14:36+01:00
[INFO] ------------------------------------------------------------------------
[ERROR] Failed to execute goal on project server: Could not resolve dependencies for project org.eqasim:server:jar:2.0.0: The following artifacts could not be resolved: org.slf4j:slf4j-log4j12:jar:2.0.17, org.apache.logging.log4j:log4j-slf4j-impl:jar:2.25.1, io.javalin:javalin:jar:6.7.0: Cannot access osgeo (https://repo.osgeo.org/repository/release/) in offline mode and the artifact org.slf4j:slf4j-log4j12:jar:2.0.17 has not been downloaded from it before. -> [Help 1]
[ERROR] 
[ERROR] To see the full stack trace of the errors, re-run Maven with the -e switch.
[ERROR] Re-run Maven using the -X switch to enable full debug logging.
[ERROR] 
[ERROR] For more information about the errors and possible solutions, please read the following articles:
[ERROR] [Help 1] http://cwiki.apache.org/confluence/display/MAVEN/DependencyResolutionException
[ERROR] 
[ERROR] After correcting the problems, you can resume the build with the command
[ERROR]   mvn <args> -rf :server
[INFO] Scanning for projects...
[WARNING] 
[WARNING] Some problems were encountered while building the effective model for org.eqasim:switzerland:jar:2.0.0
[WARNING] The expression ${parent.groupId} is deprecated. Please use ${project.parent.groupId} instead.
[WARNING] 
[WARNING] Some problems were encountered while building the effective model for org.eqasim:ile_de_france:jar:2.0.0
[WARNING] The expression ${parent.groupId} is deprecated. Please use ${project.parent.groupId} instead.
[WARNING] 
[WARNING] It is highly recommended to fix these problems because they threaten the stability of your build.
[WARNING] 
[WARNING] For this reason, future Maven versions might no longer support building such malformed projects.
[WARNING] 
[INFO] ------------------------------------------------------------------------
[INFO] Reactor Build Order:
[INFO] 
[INFO] eqasim                                                             [pom]
[INFO] core                                                               [jar]
[INFO] switzerland                                                        [jar]
[INFO] ile_de_france                                                      [jar]
[INFO] sao_paulo                                                          [jar]
[INFO] examples                                                           [jar]
[INFO] san_francisco                                                      [jar]
[INFO] los_angeles                                                        [jar]
[INFO] server                                                             [jar]
[INFO] 
[INFO] -------------------------< org.eqasim:eqasim >--------------------------
[INFO] Building eqasim 2.0.0                                              [1/9]
[INFO] --------------------------------[ pom ]---------------------------------
[INFO] 
[INFO] --- exec-maven-plugin:3.6.2:java (default-cli) @ eqasim ---
[WARNING] 
java.lang.ClassNotFoundException: org.eqasim.switzerland.ch_cmdp.RunSimulation
    at org.codehaus.mojo.exec.URLClassLoaderBuilder$ExecJavaClassLoader.loadClass (URLClassLoaderBuilder.java:211)
    at java.lang.ClassLoader.loadClass (ClassLoader.java:526)
    at org.codehaus.mojo.exec.AbstractExecJavaBase.doExecClassLoader (AbstractExecJavaBase.java:376)
    at org.codehaus.mojo.exec.AbstractExecJavaBase.lambda$execute$0 (AbstractExecJavaBase.java:287)
    at java.lang.Thread.run (Thread.java:1583)
[INFO] ------------------------------------------------------------------------
[INFO] Reactor Summary for eqasim 2.0.0:
[INFO] 
[INFO] eqasim ............................................. FAILURE [  1.381 s]
[INFO] core ............................................... SKIPPED
[INFO] switzerland ........................................ SKIPPED
[INFO] ile_de_france ...................................... SKIPPED
[INFO] sao_paulo .......................................... SKIPPED
[INFO] examples ........................................... SKIPPED
[INFO] san_francisco ...................................... SKIPPED
[INFO] los_angeles ........................................ SKIPPED
[INFO] server ............................................. SKIPPED
[INFO] ------------------------------------------------------------------------
[INFO] BUILD FAILURE
[INFO] ------------------------------------------------------------------------
[INFO] Total time:  1.892 s
[INFO] Finished at: 2025-10-29T12:14:39+01:00
[INFO] ------------------------------------------------------------------------
[ERROR] Failed to execute goal org.codehaus.mojo:exec-maven-plugin:3.6.2:java (default-cli) on project eqasim: An exception occurred while executing the Java class. org.eqasim.switzerland.ch_cmdp.RunSimulation -> [Help 1]
[ERROR] 
[ERROR] To see the full stack trace of the errors, re-run Maven with the -e switch.
[ERROR] Re-run Maven using the -X switch to enable full debug logging.
[ERROR] 
[ERROR] For more information about the errors and possible solutions, please read the following articles:
[ERROR] [Help 1] http://cwiki.apache.org/confluence/display/MAVEN/MojoExecutionException
