/var/spool/slurm/slurmd/state/job47187572/slurm_script: 9: source: not found
/var/spool/slurm/slurmd/state/job47187572/slurm_script: 12: module: not found
/var/spool/slurm/slurmd/state/job47187572/slurm_script: 13: module: not found
/var/spool/slurm/slurmd/state/job47187572/slurm_script: 14: module: not found
/var/spool/slurm/slurmd/state/job47187572/slurm_script: 15: module: not found
[INFO] Scanning for projects...
[WARNING] 
[WARNING] Some problems were encountered while building the effective model for org.eqasim:switzerland:jar:2.0.0
[WARNING] The expression ${parent.groupId} is deprecated. Please use ${project.parent.groupId} instead.
[WARNING] 
[WARNING] It is highly recommended to fix these problems because they threaten the stability of your build.
[WARNING] 
[WARNING] For this reason, future Maven versions might no longer support building such malformed projects.
[WARNING] 
[INFO] 
[INFO] -----------------------< org.eqasim:switzerland >-----------------------
[INFO] Building switzerland 2.0.0
[INFO] --------------------------------[ jar ]---------------------------------
Downloading from osgeo: https://repo.osgeo.org/repository/release/org/eqasim/core/2.0.0/core-2.0.0.pom
Downloading from matsim: https://repo.matsim.org/repository/matsim/org/eqasim/core/2.0.0/core-2.0.0.pom
Downloading from central: https://repo.maven.apache.org/maven2/org/eqasim/core/2.0.0/core-2.0.0.pom
Downloading from unidata-all: https://artifacts.unidata.ucar.edu/repository/unidata-all/org/eclipse/emf/org.eclipse.emf.common/maven-metadata.xml
[WARNING] Could not transfer metadata org.eclipse.emf:org.eclipse.emf.common/maven-metadata.xml from/to unidata-all (https://artifacts.unidata.ucar.edu/repository/unidata-all/): transfer failed for https://artifacts.unidata.ucar.edu/repository/unidata-all/org/eclipse/emf/org.eclipse.emf.common/maven-metadata.xml
Downloading from unidata-all: https://artifacts.unidata.ucar.edu/repository/unidata-all/org/eclipse/emf/org.eclipse.emf.ecore/maven-metadata.xml
[WARNING] Could not transfer metadata org.eclipse.emf:org.eclipse.emf.ecore/maven-metadata.xml from/to unidata-all (https://artifacts.unidata.ucar.edu/repository/unidata-all/): transfer failed for https://artifacts.unidata.ucar.edu/repository/unidata-all/org/eclipse/emf/org.eclipse.emf.ecore/maven-metadata.xml
[WARNING] org.eclipse.emf:org.eclipse.emf.common/maven-metadata.xmlfailed to transfer from https://artifacts.unidata.ucar.edu/repository/unidata-all/ during a previous attempt. This failure was cached in the local repository and resolution will not be reattempted until the update interval of unidata-all has elapsed or updates are forced. Original error: Could not transfer metadata org.eclipse.emf:org.eclipse.emf.common/maven-metadata.xml from/to unidata-all (https://artifacts.unidata.ucar.edu/repository/unidata-all/): transfer failed for https://artifacts.unidata.ucar.edu/repository/unidata-all/org/eclipse/emf/org.eclipse.emf.common/maven-metadata.xml
[WARNING] org.eclipse.emf:org.eclipse.emf.common/maven-metadata.xmlfailed to transfer from https://artifacts.unidata.ucar.edu/repository/unidata-all/ during a previous attempt. This failure was cached in the local repository and resolution will not be reattempted until the update interval of unidata-all has elapsed or updates are forced. Original error: Could not transfer metadata org.eclipse.emf:org.eclipse.emf.common/maven-metadata.xml from/to unidata-all (https://artifacts.unidata.ucar.edu/repository/unidata-all/): transfer failed for https://artifacts.unidata.ucar.edu/repository/unidata-all/org/eclipse/emf/org.eclipse.emf.common/maven-metadata.xml
[WARNING] org.eclipse.emf:org.eclipse.emf.common/maven-metadata.xmlfailed to transfer from https://artifacts.unidata.ucar.edu/repository/unidata-all/ during a previous attempt. This failure was cached in the local repository and resolution will not be reattempted until the update interval of unidata-all has elapsed or updates are forced. Original error: Could not transfer metadata org.eclipse.emf:org.eclipse.emf.common/maven-metadata.xml from/to unidata-all (https://artifacts.unidata.ucar.edu/repository/unidata-all/): transfer failed for https://artifacts.unidata.ucar.edu/repository/unidata-all/org/eclipse/emf/org.eclipse.emf.common/maven-metadata.xml
[WARNING] org.eclipse.emf:org.eclipse.emf.common/maven-metadata.xmlfailed to transfer from https://artifacts.unidata.ucar.edu/repository/unidata-all/ during a previous attempt. This failure was cached in the local repository and resolution will not be reattempted until the update interval of unidata-all has elapsed or updates are forced. Original error: Could not transfer metadata org.eclipse.emf:org.eclipse.emf.common/maven-metadata.xml from/to unidata-all (https://artifacts.unidata.ucar.edu/repository/unidata-all/): transfer failed for https://artifacts.unidata.ucar.edu/repository/unidata-all/org/eclipse/emf/org.eclipse.emf.common/maven-metadata.xml
[WARNING] org.eclipse.emf:org.eclipse.emf.common/maven-metadata.xmlfailed to transfer from https://artifacts.unidata.ucar.edu/repository/unidata-all/ during a previous attempt. This failure was cached in the local repository and resolution will not be reattempted until the update interval of unidata-all has elapsed or updates are forced. Original error: Could not transfer metadata org.eclipse.emf:org.eclipse.emf.common/maven-metadata.xml from/to unidata-all (https://artifacts.unidata.ucar.edu/repository/unidata-all/): transfer failed for https://artifacts.unidata.ucar.edu/repository/unidata-all/org/eclipse/emf/org.eclipse.emf.common/maven-metadata.xml
[WARNING] org.eclipse.emf:org.eclipse.emf.common/maven-metadata.xmlfailed to transfer from https://artifacts.unidata.ucar.edu/repository/unidata-all/ during a previous attempt. This failure was cached in the local repository and resolution will not be reattempted until the update interval of unidata-all has elapsed or updates are forced. Original error: Could not transfer metadata org.eclipse.emf:org.eclipse.emf.common/maven-metadata.xml from/to unidata-all (https://artifacts.unidata.ucar.edu/repository/unidata-all/): transfer failed for https://artifacts.unidata.ucar.edu/repository/unidata-all/org/eclipse/emf/org.eclipse.emf.common/maven-metadata.xml
[WARNING] org.eclipse.emf:org.eclipse.emf.common/maven-metadata.xmlfailed to transfer from https://artifacts.unidata.ucar.edu/repository/unidata-all/ during a previous attempt. This failure was cached in the local repository and resolution will not be reattempted until the update interval of unidata-all has elapsed or updates are forced. Original error: Could not transfer metadata org.eclipse.emf:org.eclipse.emf.common/maven-metadata.xml from/to unidata-all (https://artifacts.unidata.ucar.edu/repository/unidata-all/): transfer failed for https://artifacts.unidata.ucar.edu/repository/unidata-all/org/eclipse/emf/org.eclipse.emf.common/maven-metadata.xml
[WARNING] org.eclipse.emf:org.eclipse.emf.common/maven-metadata.xmlfailed to transfer from https://artifacts.unidata.ucar.edu/repository/unidata-all/ during a previous attempt. This failure was cached in the local repository and resolution will not be reattempted until the update interval of unidata-all has elapsed or updates are forced. Original error: Could not transfer metadata org.eclipse.emf:org.eclipse.emf.common/maven-metadata.xml from/to unidata-all (https://artifacts.unidata.ucar.edu/repository/unidata-all/): transfer failed for https://artifacts.unidata.ucar.edu/repository/unidata-all/org/eclipse/emf/org.eclipse.emf.common/maven-metadata.xml
[WARNING] org.eclipse.emf:org.eclipse.emf.common/maven-metadata.xmlfailed to transfer from https://artifacts.unidata.ucar.edu/repository/unidata-all/ during a previous attempt. This failure was cached in the local repository and resolution will not be reattempted until the update interval of unidata-all has elapsed or updates are forced. Original error: Could not transfer metadata org.eclipse.emf:org.eclipse.emf.common/maven-metadata.xml from/to unidata-all (https://artifacts.unidata.ucar.edu/repository/unidata-all/): transfer failed for https://artifacts.unidata.ucar.edu/repository/unidata-all/org/eclipse/emf/org.eclipse.emf.common/maven-metadata.xml
[WARNING] org.eclipse.emf:org.eclipse.emf.common/maven-metadata.xmlfailed to transfer from https://artifacts.unidata.ucar.edu/repository/unidata-all/ during a previous attempt. This failure was cached in the local repository and resolution will not be reattempted until the update interval of unidata-all has elapsed or updates are forced. Original error: Could not transfer metadata org.eclipse.emf:org.eclipse.emf.common/maven-metadata.xml from/to unidata-all (https://artifacts.unidata.ucar.edu/repository/unidata-all/): transfer failed for https://artifacts.unidata.ucar.edu/repository/unidata-all/org/eclipse/emf/org.eclipse.emf.common/maven-metadata.xml
[WARNING] org.eclipse.emf:org.eclipse.emf.common/maven-metadata.xmlfailed to transfer from https://artifacts.unidata.ucar.edu/repository/unidata-all/ during a previous attempt. This failure was cached in the local repository and resolution will not be reattempted until the update interval of unidata-all has elapsed or updates are forced. Original error: Could not transfer metadata org.eclipse.emf:org.eclipse.emf.common/maven-metadata.xml from/to unidata-all (https://artifacts.unidata.ucar.edu/repository/unidata-all/): transfer failed for https://artifacts.unidata.ucar.edu/repository/unidata-all/org/eclipse/emf/org.eclipse.emf.common/maven-metadata.xml
[WARNING] org.eclipse.emf:org.eclipse.emf.common/maven-metadata.xmlfailed to transfer from https://artifacts.unidata.ucar.edu/repository/unidata-all/ during a previous attempt. This failure was cached in the local repository and resolution will not be reattempted until the update interval of unidata-all has elapsed or updates are forced. Original error: Could not transfer metadata org.eclipse.emf:org.eclipse.emf.common/maven-metadata.xml from/to unidata-all (https://artifacts.unidata.ucar.edu/repository/unidata-all/): transfer failed for https://artifacts.unidata.ucar.edu/repository/unidata-all/org/eclipse/emf/org.eclipse.emf.common/maven-metadata.xml
[WARNING] org.eclipse.emf:org.eclipse.emf.common/maven-metadata.xmlfailed to transfer from https://artifacts.unidata.ucar.edu/repository/unidata-all/ during a previous attempt. This failure was cached in the local repository and resolution will not be reattempted until the update interval of unidata-all has elapsed or updates are forced. Original error: Could not transfer metadata org.eclipse.emf:org.eclipse.emf.common/maven-metadata.xml from/to unidata-all (https://artifacts.unidata.ucar.edu/repository/unidata-all/): transfer failed for https://artifacts.unidata.ucar.edu/repository/unidata-all/org/eclipse/emf/org.eclipse.emf.common/maven-metadata.xml
[WARNING] org.eclipse.emf:org.eclipse.emf.common/maven-metadata.xmlfailed to transfer from https://artifacts.unidata.ucar.edu/repository/unidata-all/ during a previous attempt. This failure was cached in the local repository and resolution will not be reattempted until the update interval of unidata-all has elapsed or updates are forced. Original error: Could not transfer metadata org.eclipse.emf:org.eclipse.emf.common/maven-metadata.xml from/to unidata-all (https://artifacts.unidata.ucar.edu/repository/unidata-all/): transfer failed for https://artifacts.unidata.ucar.edu/repository/unidata-all/org/eclipse/emf/org.eclipse.emf.common/maven-metadata.xml
[WARNING] org.eclipse.emf:org.eclipse.emf.common/maven-metadata.xmlfailed to transfer from https://artifacts.unidata.ucar.edu/repository/unidata-all/ during a previous attempt. This failure was cached in the local repository and resolution will not be reattempted until the update interval of unidata-all has elapsed or updates are forced. Original error: Could not transfer metadata org.eclipse.emf:org.eclipse.emf.common/maven-metadata.xml from/to unidata-all (https://artifacts.unidata.ucar.edu/repository/unidata-all/): transfer failed for https://artifacts.unidata.ucar.edu/repository/unidata-all/org/eclipse/emf/org.eclipse.emf.common/maven-metadata.xml
[WARNING] org.eclipse.emf:org.eclipse.emf.common/maven-metadata.xmlfailed to transfer from https://artifacts.unidata.ucar.edu/repository/unidata-all/ during a previous attempt. This failure was cached in the local repository and resolution will not be reattempted until the update interval of unidata-all has elapsed or updates are forced. Original error: Could not transfer metadata org.eclipse.emf:org.eclipse.emf.common/maven-metadata.xml from/to unidata-all (https://artifacts.unidata.ucar.edu/repository/unidata-all/): transfer failed for https://artifacts.unidata.ucar.edu/repository/unidata-all/org/eclipse/emf/org.eclipse.emf.common/maven-metadata.xml
[INFO] ------------------------------------------------------------------------
[INFO] BUILD FAILURE
[INFO] ------------------------------------------------------------------------
[INFO] Total time:  6.926 s
[INFO] Finished at: 2025-10-29T13:15:16+01:00
[INFO] ------------------------------------------------------------------------
[ERROR] Failed to execute goal on project switzerland: Could not resolve dependencies for project org.eqasim:switzerland:jar:2.0.0: Failed to collect dependencies at org.eqasim:core:jar:2.0.0: Failed to read artifact descriptor for org.eqasim:core:jar:2.0.0: Could not transfer artifact org.eqasim:core:pom:2.0.0 from/to osgeo (https://repo.osgeo.org/repository/release/): transfer failed for https://repo.osgeo.org/repository/release/org/eqasim/core/2.0.0/core-2.0.0.pom: Connect to repo.osgeo.org:443 [repo.osgeo.org/140.211.15.6] failed: Connection refused -> [Help 1]
[ERROR] 
[ERROR] To see the full stack trace of the errors, re-run Maven with the -e switch.
[ERROR] Re-run Maven using the -X switch to enable full debug logging.
[ERROR] 
[ERROR] For more information about the errors and possible solutions, please read the following articles:
[ERROR] [Help 1] http://cwiki.apache.org/confluence/display/MAVEN/DependencyResolutionException
